Archive member included to satisfy reference by file (symbol)

d:/vsarm/armcc/bin/../lib/gcc/arm-none-eabi/8.2.1/../../../../arm-none-eabi/lib/thumb/v7-m/nofp\libc_nano.a(lib_a-exit.o)
                              d:/vsarm/armcc/bin/../lib/gcc/arm-none-eabi/8.2.1/../../../../arm-none-eabi/lib/thumb/v7-m/nofp/crt0.o (exit)
d:/vsarm/armcc/bin/../lib/gcc/arm-none-eabi/8.2.1/../../../../arm-none-eabi/lib/thumb/v7-m/nofp\libc_nano.a(lib_a-impure.o)
                              d:/vsarm/armcc/bin/../lib/gcc/arm-none-eabi/8.2.1/../../../../arm-none-eabi/lib/thumb/v7-m/nofp\libc_nano.a(lib_a-exit.o) (_global_impure_ptr)
d:/vsarm/armcc/bin/../lib/gcc/arm-none-eabi/8.2.1/../../../../arm-none-eabi/lib/thumb/v7-m/nofp\libc_nano.a(lib_a-init.o)
                              d:/vsarm/armcc/bin/../lib/gcc/arm-none-eabi/8.2.1/../../../../arm-none-eabi/lib/thumb/v7-m/nofp/crt0.o (__libc_init_array)
d:/vsarm/armcc/bin/../lib/gcc/arm-none-eabi/8.2.1/../../../../arm-none-eabi/lib/thumb/v7-m/nofp\libc_nano.a(lib_a-memset.o)
                              d:/vsarm/armcc/bin/../lib/gcc/arm-none-eabi/8.2.1/../../../../arm-none-eabi/lib/thumb/v7-m/nofp/crt0.o (memset)
d:/vsarm/armcc/bin/../lib/gcc/arm-none-eabi/8.2.1/../../../../arm-none-eabi/lib/thumb/v7-m/nofp\libnosys.a(_exit.o)
                              d:/vsarm/armcc/bin/../lib/gcc/arm-none-eabi/8.2.1/../../../../arm-none-eabi/lib/thumb/v7-m/nofp\libc_nano.a(lib_a-exit.o) (_exit)

Allocating common symbols
Common symbol       size              file

hUsbDeviceFS        0x224             build/usb_device.o
uwTick              0x4               build/stm32f1xx_hal.o
pFlash              0x20              build/stm32f1xx_hal_flash.o
hpcd_USB_FS         0x460             build/usbd_conf.o
USBD_StrDesc        0x200             build/usbd_desc.o

Discarded input sections

 .text          0x0000000000000000        0x0 d:/vsarm/armcc/bin/../lib/gcc/arm-none-eabi/8.2.1/thumb/v7-m/nofp/crti.o
 .data          0x0000000000000000        0x0 d:/vsarm/armcc/bin/../lib/gcc/arm-none-eabi/8.2.1/thumb/v7-m/nofp/crti.o
 .bss           0x0000000000000000        0x0 d:/vsarm/armcc/bin/../lib/gcc/arm-none-eabi/8.2.1/thumb/v7-m/nofp/crti.o
 .text          0x0000000000000000        0x0 d:/vsarm/armcc/bin/../lib/gcc/arm-none-eabi/8.2.1/thumb/v7-m/nofp/crtbegin.o
 .data          0x0000000000000000        0x0 d:/vsarm/armcc/bin/../lib/gcc/arm-none-eabi/8.2.1/thumb/v7-m/nofp/crtbegin.o
 .bss           0x0000000000000000        0x0 d:/vsarm/armcc/bin/../lib/gcc/arm-none-eabi/8.2.1/thumb/v7-m/nofp/crtbegin.o
 .data.__dso_handle
                0x0000000000000000        0x4 d:/vsarm/armcc/bin/../lib/gcc/arm-none-eabi/8.2.1/thumb/v7-m/nofp/crtbegin.o
 .text          0x0000000000000000       0x74 d:/vsarm/armcc/bin/../lib/gcc/arm-none-eabi/8.2.1/../../../../arm-none-eabi/lib/thumb/v7-m/nofp/crt0.o
 .data          0x0000000000000000        0x0 d:/vsarm/armcc/bin/../lib/gcc/arm-none-eabi/8.2.1/../../../../arm-none-eabi/lib/thumb/v7-m/nofp/crt0.o
 .bss           0x0000000000000000        0x0 d:/vsarm/armcc/bin/../lib/gcc/arm-none-eabi/8.2.1/../../../../arm-none-eabi/lib/thumb/v7-m/nofp/crt0.o
 .ARM.extab     0x0000000000000000        0x0 d:/vsarm/armcc/bin/../lib/gcc/arm-none-eabi/8.2.1/../../../../arm-none-eabi/lib/thumb/v7-m/nofp/crt0.o
 .ARM.exidx     0x0000000000000000        0x8 d:/vsarm/armcc/bin/../lib/gcc/arm-none-eabi/8.2.1/../../../../arm-none-eabi/lib/thumb/v7-m/nofp/crt0.o
 .ARM.attributes
                0x0000000000000000       0x1b d:/vsarm/armcc/bin/../lib/gcc/arm-none-eabi/8.2.1/../../../../arm-none-eabi/lib/thumb/v7-m/nofp/crt0.o
 .text          0x0000000000000000        0x0 build/main.o
 .data          0x0000000000000000        0x0 build/main.o
 .bss           0x0000000000000000        0x0 build/main.o
 .text          0x0000000000000000        0x0 build/stm32f1xx_it.o
 .data          0x0000000000000000        0x0 build/stm32f1xx_it.o
 .bss           0x0000000000000000        0x0 build/stm32f1xx_it.o
 .text          0x0000000000000000        0x0 build/stm32f1xx_hal_msp.o
 .data          0x0000000000000000        0x0 build/stm32f1xx_hal_msp.o
 .bss           0x0000000000000000        0x0 build/stm32f1xx_hal_msp.o
 .text          0x0000000000000000        0x0 build/stm32f1xx_hal_gpio_ex.o
 .data          0x0000000000000000        0x0 build/stm32f1xx_hal_gpio_ex.o
 .bss           0x0000000000000000        0x0 build/stm32f1xx_hal_gpio_ex.o
 .text.HAL_GPIOEx_ConfigEventout
                0x0000000000000000       0x14 build/stm32f1xx_hal_gpio_ex.o
 .text.HAL_GPIOEx_EnableEventout
                0x0000000000000000       0x10 build/stm32f1xx_hal_gpio_ex.o
 .text.HAL_GPIOEx_DisableEventout
                0x0000000000000000       0x10 build/stm32f1xx_hal_gpio_ex.o
 .debug_info    0x0000000000000000      0xbe4 build/stm32f1xx_hal_gpio_ex.o
 .debug_abbrev  0x0000000000000000      0x211 build/stm32f1xx_hal_gpio_ex.o
 .debug_loc     0x0000000000000000       0x25 build/stm32f1xx_hal_gpio_ex.o
[...]
Memory Configuration

Name             Origin             Length             Attributes
RAM              0x0000000020000000 0x0000000000005000 xrw
FLASH            0x0000000008000000 0x0000000000010000 xr
*default*        0x0000000000000000 0xffffffffffffffff

Linker script and memory map

LOAD d:/vsarm/armcc/bin/../lib/gcc/arm-none-eabi/8.2.1/thumb/v7-m/nofp/crti.o
LOAD d:/vsarm/armcc/bin/../lib/gcc/arm-none-eabi/8.2.1/thumb/v7-m/nofp/crtbegin.o
LOAD d:/vsarm/armcc/bin/../lib/gcc/arm-none-eabi/8.2.1/../../../../arm-none-eabi/lib/thumb/v7-m/nofp/crt0.o
LOAD build/main.o
LOAD build/stm32f1xx_it.o
LOAD build/stm32f1xx_hal_msp.o
LOAD build/stm32f1xx_hal_gpio_ex.o
LOAD build/stm32f1xx_hal_tim.o
LOAD build/stm32f1xx_hal_tim_ex.o
LOAD build/stm32f1xx_hal_uart.o
LOAD build/stm32f1xx_hal.o
LOAD build/stm32f1xx_hal_rcc.o
LOAD build/stm32f1xx_hal_rcc_ex.o
LOAD build/stm32f1xx_hal_gpio.o
LOAD build/stm32f1xx_hal_dma.o
LOAD build/stm32f1xx_hal_cortex.o
LOAD build/stm32f1xx_hal_pwr.o
LOAD build/stm32f1xx_hal_flash.o
LOAD build/stm32f1xx_hal_flash_ex.o
LOAD build/system_stm32f1xx.o
LOAD build/stm32f1xx_hal_pcd.o
LOAD build/stm32f1xx_hal_pcd_ex.o
LOAD build/stm32f1xx_ll_usb.o
LOAD build/usb_device.o
LOAD build/usbd_conf.o
LOAD build/usbd_desc.o
LOAD build/usbd_core.o
LOAD build/usbd_ctlreq.o
LOAD build/usbd_ioreq.o
LOAD build/usbd_hid.o
LOAD build/startup_stm32f103xb.o
LOAD d:/vsarm/armcc/bin/../lib/gcc/arm-none-eabi/8.2.1/../../../../arm-none-eabi/lib/thumb/v7-m/nofp\libc_nano.a
LOAD d:/vsarm/armcc/bin/../lib/gcc/arm-none-eabi/8.2.1/../../../../arm-none-eabi/lib/thumb/v7-m/nofp\libm.a
LOAD d:/vsarm/armcc/bin/../lib/gcc/arm-none-eabi/8.2.1/../../../../arm-none-eabi/lib/thumb/v7-m/nofp\libnosys.a
START GROUP
LOAD d:/vsarm/armcc/bin/../lib/gcc/arm-none-eabi/8.2.1/thumb/v7-m/nofp\libgcc.a
LOAD d:/vsarm/armcc/bin/../lib/gcc/arm-none-eabi/8.2.1/../../../../arm-none-eabi/lib/thumb/v7-m/nofp\libc_nano.a
END GROUP
START GROUP
LOAD d:/vsarm/armcc/bin/../lib/gcc/arm-none-eabi/8.2.1/thumb/v7-m/nofp\libgcc.a
LOAD d:/vsarm/armcc/bin/../lib/gcc/arm-none-eabi/8.2.1/../../../../arm-none-eabi/lib/thumb/v7-m/nofp\libc_nano.a
END GROUP
LOAD d:/vsarm/armcc/bin/../lib/gcc/arm-none-eabi/8.2.1/thumb/v7-m/nofp/crtend.o
LOAD d:/vsarm/armcc/bin/../lib/gcc/arm-none-eabi/8.2.1/thumb/v7-m/nofp/crtn.o
                0x0000000020005000                _estack = 0x20005000
                0x0000000000000200                _Min_Heap_Size = 0x200
                0x0000000000000400                _Min_Stack_Size = 0x400

.isr_vector     0x0000000008000000      0x10c
                0x0000000008000000                . = ALIGN (0x4)
 *(.isr_vector)
 .isr_vector    0x0000000008000000      0x10c build/startup_stm32f103xb.o
                0x0000000008000000                g_pfnVectors
                0x000000000800010c                . = ALIGN (0x4)

.text           0x000000000800010c     0x2900
                0x000000000800010c                . = ALIGN (0x4)
 *(.text)
 *(.text*)
 .text.deregister_tm_clones
                0x000000000800010c       0x1c d:/vsarm/armcc/bin/../lib/gcc/arm-none-eabi/8.2.1/thumb/v7-m/nofp/crtbegin.o
 .text.register_tm_clones
                0x0000000008000128       0x24 d:/vsarm/armcc/bin/../lib/gcc/arm-none-eabi/8.2.1/thumb/v7-m/nofp/crtbegin.o
 .text.__do_global_dtors_aux
                0x000000000800014c       0x28 d:/vsarm/armcc/bin/../lib/gcc/arm-none-eabi/8.2.1/thumb/v7-m/nofp/crtbegin.o
 .text.frame_dummy
                0x0000000008000174       0x24 d:/vsarm/armcc/bin/../lib/gcc/arm-none-eabi/8.2.1/thumb/v7-m/nofp/crtbegin.o
 .text.SystemClock_Config
                0x0000000008000198       0x68 build/main.o
                0x0000000008000198                SystemClock_Config
 .text.startup.main
                0x0000000008000200       0xdc build/main.o
                0x0000000008000200                main
 .text.Error_Handler
                0x00000000080002dc        0x4 build/main.o
                0x00000000080002dc                Error_Handler
 .text.NMI_Handler
                0x00000000080002e0        0x4 build/stm32f1xx_it.o
                0x00000000080002e0                NMI_Handler
 .text.HardFault_Handler
                0x00000000080002e4        0x4 build/stm32f1xx_it.o
                0x00000000080002e4                HardFault_Handler
 .text.MemManage_Handler
                0x00000000080002e8        0x4 build/stm32f1xx_it.o
                0x00000000080002e8                MemManage_Handler
 .text.BusFault_Handler
                0x00000000080002ec        0x4 build/stm32f1xx_it.o
                0x00000000080002ec                BusFault_Handler
 .text.UsageFault_Handler
                0x00000000080002f0        0x4 build/stm32f1xx_it.o
                0x00000000080002f0                UsageFault_Handler
 .text.SVC_Handler
                0x00000000080002f4        0x4 build/stm32f1xx_it.o
                0x00000000080002f4                SVC_Handler
 .text.DebugMon_Handler
                0x00000000080002f8        0x4 build/stm32f1xx_it.o
                0x00000000080002f8                DebugMon_Handler
 .text.PendSV_Handler
                0x00000000080002fc        0x4 build/stm32f1xx_it.o
                0x00000000080002fc                PendSV_Handler
 .text.SysTick_Handler
                0x0000000008000300        0x4 build/stm32f1xx_it.o
                0x0000000008000300                SysTick_Handler
 .text.USB_LP_CAN1_RX0_IRQHandler
                0x0000000008000304        0xc build/stm32f1xx_it.o
                0x0000000008000304                USB_LP_CAN1_RX0_IRQHandler
 .text.HAL_MspInit
                0x0000000008000310       0x44 build/stm32f1xx_hal_msp.o
                0x0000000008000310                HAL_MspInit
 .text.HAL_InitTick
                0x0000000008000354       0x48 build/stm32f1xx_hal.o
                0x0000000008000354                HAL_InitTick
 .text.HAL_Init
                0x000000000800039c       0x24 build/stm32f1xx_hal.o
                0x000000000800039c                HAL_Init
 .text.HAL_IncTick
                0x00000000080003c0       0x18 build/stm32f1xx_hal.o
                0x00000000080003c0                HAL_IncTick
 .text.HAL_GetTick
                0x00000000080003d8        0xc build/stm32f1xx_hal.o
                0x00000000080003d8                HAL_GetTick
 .text.HAL_Delay
                0x00000000080003e4       0x24 build/stm32f1xx_hal.o
                0x00000000080003e4                HAL_Delay
 .text.HAL_RCC_OscConfig
                0x0000000008000408      0x3d0 build/stm32f1xx_hal_rcc.o
                0x0000000008000408                HAL_RCC_OscConfig
 .text.HAL_RCC_GetSysClockFreq
                0x00000000080007d8       0x6c build/stm32f1xx_hal_rcc.o
                0x00000000080007d8                HAL_RCC_GetSysClockFreq
 .text.HAL_RCC_ClockConfig
                0x0000000008000844      0x168 build/stm32f1xx_hal_rcc.o
                0x0000000008000844                HAL_RCC_ClockConfig
 .text.HAL_RCCEx_PeriphCLKConfig
                0x00000000080009ac      0x10c build/stm32f1xx_hal_rcc_ex.o
                0x00000000080009ac                HAL_RCCEx_PeriphCLKConfig
 .text.HAL_GPIO_Init
                0x0000000008000ab8      0x1dc build/stm32f1xx_hal_gpio.o
                0x0000000008000ab8                HAL_GPIO_Init
 .text.HAL_GPIO_TogglePin
                0x0000000008000c94        0x8 build/stm32f1xx_hal_gpio.o
                0x0000000008000c94                HAL_GPIO_TogglePin
 .text.HAL_NVIC_SetPriorityGrouping
                0x0000000008000c9c       0x24 build/stm32f1xx_hal_cortex.o
                0x0000000008000c9c                HAL_NVIC_SetPriorityGrouping
 .text.HAL_NVIC_SetPriority
                0x0000000008000cc0       0x6c build/stm32f1xx_hal_cortex.o
                0x0000000008000cc0                HAL_NVIC_SetPriority
 .text.HAL_NVIC_EnableIRQ
                0x0000000008000d2c       0x18 build/stm32f1xx_hal_cortex.o
                0x0000000008000d2c                HAL_NVIC_EnableIRQ
 .text.HAL_SYSTICK_Config
                0x0000000008000d44       0x30 build/stm32f1xx_hal_cortex.o
                0x0000000008000d44                HAL_SYSTICK_Config
 .text.SystemInit
                0x0000000008000d74       0x50 build/system_stm32f1xx.o
                0x0000000008000d74                SystemInit
 .text.HAL_PCD_Init
                0x0000000008000dc4       0xd0 build/stm32f1xx_hal_pcd.o
                0x0000000008000dc4                HAL_PCD_Init
 .text.HAL_PCD_Start
                0x0000000008000e94       0x30 build/stm32f1xx_hal_pcd.o
                0x0000000008000e94                HAL_PCD_Start
 .text.HAL_PCD_SetAddress
                0x0000000008000ec4       0x28 build/stm32f1xx_hal_pcd.o
                0x0000000008000ec4                HAL_PCD_SetAddress
 .text.HAL_PCD_EP_Open
                0x0000000008000eec       0x48 build/stm32f1xx_hal_pcd.o
                0x0000000008000eec                HAL_PCD_EP_Open
 .text.HAL_PCD_EP_Close
                0x0000000008000f34       0x44 build/stm32f1xx_hal_pcd.o
                0x0000000008000f34                HAL_PCD_EP_Close
 .text.HAL_PCD_EP_Receive
                0x0000000008000f78       0x2c build/stm32f1xx_hal_pcd.o
                0x0000000008000f78                HAL_PCD_EP_Receive
 .text.HAL_PCD_EP_Transmit
                0x0000000008000fa4       0x2c build/stm32f1xx_hal_pcd.o
                0x0000000008000fa4                HAL_PCD_EP_Transmit
 .text.HAL_PCD_IRQHandler
                0x0000000008000fd0      0x548 build/stm32f1xx_hal_pcd.o
                0x0000000008000fd0                HAL_PCD_IRQHandler
 .text.HAL_PCD_EP_SetStall
                0x0000000008001518       0x54 build/stm32f1xx_hal_pcd.o
                0x0000000008001518                HAL_PCD_EP_SetStall
 .text.HAL_PCD_EP_ClrStall
                0x000000000800156c       0x48 build/stm32f1xx_hal_pcd.o
                0x000000000800156c                HAL_PCD_EP_ClrStall
 .text.HAL_PCDEx_PMAConfig
                0x00000000080015b4       0x34 build/stm32f1xx_hal_pcd_ex.o
                0x00000000080015b4                HAL_PCDEx_PMAConfig
 .text.USB_CoreInit
                0x00000000080015e8       0x10 build/stm32f1xx_ll_usb.o
                0x00000000080015e8                USB_CoreInit
 .text.USB_EnableGlobalInt
                0x00000000080015f8       0x14 build/stm32f1xx_ll_usb.o
                0x00000000080015f8                USB_EnableGlobalInt
 .text.USB_DisableGlobalInt
                0x000000000800160c       0x14 build/stm32f1xx_ll_usb.o
                0x000000000800160c                USB_DisableGlobalInt
 .text.USB_SetCurrentMode
                0x0000000008001620        0x4 build/stm32f1xx_ll_usb.o
                0x0000000008001620                USB_SetCurrentMode
 .text.USB_DevInit
                0x0000000008001624       0x34 build/stm32f1xx_ll_usb.o
                0x0000000008001624                USB_DevInit
 .text.USB_ActivateEndpoint
                0x0000000008001658      0x2d4 build/stm32f1xx_ll_usb.o
                0x0000000008001658                USB_ActivateEndpoint
 .text.USB_DeactivateEndpoint
                0x000000000800192c      0x190 build/stm32f1xx_ll_usb.o
                0x000000000800192c                USB_DeactivateEndpoint
 .text.USB_EPStartXfer
                0x0000000008001abc      0x1f4 build/stm32f1xx_ll_usb.o
                0x0000000008001abc                USB_EPStartXfer
 .text.USB_EPSetStall
                0x0000000008001cb0       0x64 build/stm32f1xx_ll_usb.o
                0x0000000008001cb0                USB_EPSetStall
 .text.USB_EPClearStall
                0x0000000008001d14       0x94 build/stm32f1xx_ll_usb.o
                0x0000000008001d14                USB_EPClearStall
 .text.USB_SetDevAddress
                0x0000000008001da8        0xc build/stm32f1xx_ll_usb.o
                0x0000000008001da8                USB_SetDevAddress
 .text.USB_DevConnect
                0x0000000008001db4        0x4 build/stm32f1xx_ll_usb.o
                0x0000000008001db4                USB_DevConnect
 .text.USB_DevDisconnect
                0x0000000008001db8        0x4 build/stm32f1xx_ll_usb.o
                0x0000000008001db8                USB_DevDisconnect
 .text.USB_ReadInterrupts
                0x0000000008001dbc        0x8 build/stm32f1xx_ll_usb.o
                0x0000000008001dbc                USB_ReadInterrupts
 .text.USB_EP0_OutStart
                0x0000000008001dc4        0x4 build/stm32f1xx_ll_usb.o
                0x0000000008001dc4                USB_EP0_OutStart
 .text.USB_WritePMA
                0x0000000008001dc8       0x1c build/stm32f1xx_ll_usb.o
                0x0000000008001dc8                USB_WritePMA
 .text.USB_ReadPMA
                0x0000000008001de4       0x1c build/stm32f1xx_ll_usb.o
                0x0000000008001de4                USB_ReadPMA
 .text.MX_USB_DEVICE_Init
                0x0000000008001e00       0x2c build/usb_device.o
                0x0000000008001e00                MX_USB_DEVICE_Init
 .text.HAL_PCD_MspInit
                0x0000000008001e2c       0x40 build/usbd_conf.o
                0x0000000008001e2c                HAL_PCD_MspInit
 .text.HAL_PCD_SetupStageCallback
                0x0000000008001e6c        0xc build/usbd_conf.o
                0x0000000008001e6c                HAL_PCD_SetupStageCallback
 .text.HAL_PCD_DataOutStageCallback
                0x0000000008001e78       0x10 build/usbd_conf.o
                0x0000000008001e78                HAL_PCD_DataOutStageCallback
 .text.HAL_PCD_DataInStageCallback
                0x0000000008001e88       0x10 build/usbd_conf.o
                0x0000000008001e88                HAL_PCD_DataInStageCallback
 .text.HAL_PCD_SOFCallback
                0x0000000008001e98        0x8 build/usbd_conf.o
                0x0000000008001e98                HAL_PCD_SOFCallback
 .text.HAL_PCD_ResetCallback
                0x0000000008001ea0       0x1c build/usbd_conf.o
                0x0000000008001ea0                HAL_PCD_ResetCallback
 .text.HAL_PCD_SuspendCallback
                0x0000000008001ebc       0x20 build/usbd_conf.o
                0x0000000008001ebc                HAL_PCD_SuspendCallback
 .text.HAL_PCD_ResumeCallback
                0x0000000008001edc        0x8 build/usbd_conf.o
                0x0000000008001edc                HAL_PCD_ResumeCallback
 .text.USBD_LL_Init
                0x0000000008001ee4       0x6c build/usbd_conf.o
                0x0000000008001ee4                USBD_LL_Init
 .text.USBD_LL_Start
                0x0000000008001f50       0x1c build/usbd_conf.o
                0x0000000008001f50                USBD_LL_Start
 .text.USBD_LL_OpenEP
                0x0000000008001f6c       0x20 build/usbd_conf.o
                0x0000000008001f6c                USBD_LL_OpenEP
 .text.USBD_LL_CloseEP
                0x0000000008001f8c       0x1c build/usbd_conf.o
                0x0000000008001f8c                USBD_LL_CloseEP
 .text.USBD_LL_StallEP
                0x0000000008001fa8       0x1c build/usbd_conf.o
                0x0000000008001fa8                USBD_LL_StallEP
 .text.USBD_LL_ClearStallEP
                0x0000000008001fc4       0x1c build/usbd_conf.o
                0x0000000008001fc4                USBD_LL_ClearStallEP
 .text.USBD_LL_IsStallEP
                0x0000000008001fe0       0x20 build/usbd_conf.o
                0x0000000008001fe0                USBD_LL_IsStallEP
 .text.USBD_LL_SetUSBAddress
                0x0000000008002000       0x1c build/usbd_conf.o
                0x0000000008002000                USBD_LL_SetUSBAddress
 .text.USBD_LL_Transmit
                0x000000000800201c       0x1c build/usbd_conf.o
                0x000000000800201c                USBD_LL_Transmit
 .text.USBD_LL_PrepareReceive
                0x0000000008002038       0x1c build/usbd_conf.o
                0x0000000008002038                USBD_LL_PrepareReceive
 .text.USBD_static_malloc
                0x0000000008002054        0x8 build/usbd_conf.o
                0x0000000008002054                USBD_static_malloc
 .text.USBD_static_free
                0x000000000800205c        0x4 build/usbd_conf.o
                0x000000000800205c                USBD_static_free
 .text.HAL_PCDEx_SetConnectionState
                0x0000000008002060        0x4 build/usbd_conf.o
                0x0000000008002060                HAL_PCDEx_SetConnectionState
 .text.USBD_FS_DeviceDescriptor
                0x0000000008002064        0xc build/usbd_desc.o
                0x0000000008002064                USBD_FS_DeviceDescriptor
 .text.USBD_FS_LangIDStrDescriptor
                0x0000000008002070        0xc build/usbd_desc.o
                0x0000000008002070                USBD_FS_LangIDStrDescriptor
 .text.USBD_FS_ManufacturerStrDescriptor
                0x000000000800207c       0x1c build/usbd_desc.o
                0x000000000800207c                USBD_FS_ManufacturerStrDescriptor
 .text.USBD_FS_ProductStrDescriptor
                0x0000000008002098       0x1c build/usbd_desc.o
                0x0000000008002098                USBD_FS_ProductStrDescriptor
 .text.USBD_FS_SerialStrDescriptor
                0x00000000080020b4       0x1c build/usbd_desc.o
                0x00000000080020b4                USBD_FS_SerialStrDescriptor
 .text.USBD_FS_ConfigStrDescriptor
                0x00000000080020d0       0x1c build/usbd_desc.o
                0x00000000080020d0                USBD_FS_ConfigStrDescriptor
 .text.USBD_FS_InterfaceStrDescriptor
                0x00000000080020ec       0x1c build/usbd_desc.o
                0x00000000080020ec                USBD_FS_InterfaceStrDescriptor
 .text.USBD_Init
                0x0000000008002108       0x2c build/usbd_core.o
                0x0000000008002108                USBD_Init
 .text.USBD_RegisterClass
                0x0000000008002134       0x10 build/usbd_core.o
                0x0000000008002134                USBD_RegisterClass
 .text.USBD_Start
                0x0000000008002144        0xc build/usbd_core.o
                0x0000000008002144                USBD_Start
 .text.USBD_SetClassConfig
                0x0000000008002150       0x14 build/usbd_core.o
                0x0000000008002150                USBD_SetClassConfig
 .text.USBD_ClrClassConfig
                0x0000000008002164       0x10 build/usbd_core.o
                0x0000000008002164                USBD_ClrClassConfig
 .text.USBD_LL_SetupStage
                0x0000000008002174       0x5c build/usbd_core.o
                0x0000000008002174                USBD_LL_SetupStage
 .text.USBD_LL_DataOutStage
                0x00000000080021d0       0x68 build/usbd_core.o
                0x00000000080021d0                USBD_LL_DataOutStage
 .text.USBD_LL_DataInStage
                0x0000000008002238       0xa0 build/usbd_core.o
                0x0000000008002238                USBD_LL_DataInStage
 .text.USBD_LL_Reset
                0x00000000080022d8       0x40 build/usbd_core.o
                0x00000000080022d8                USBD_LL_Reset
 .text.USBD_LL_SetSpeed
                0x0000000008002318        0x8 build/usbd_core.o
                0x0000000008002318                USBD_LL_SetSpeed
 .text.USBD_LL_Suspend
                0x0000000008002320       0x14 build/usbd_core.o
                0x0000000008002320                USBD_LL_Suspend
 .text.USBD_LL_Resume
                0x0000000008002334       0x10 build/usbd_core.o
                0x0000000008002334                USBD_LL_Resume
 .text.USBD_LL_SOF
                0x0000000008002344       0x1c build/usbd_core.o
                0x0000000008002344                USBD_LL_SOF
 .text.USBD_StdDevReq
                0x0000000008002360      0x294 build/usbd_ctlreq.o
                0x0000000008002360                USBD_StdDevReq
 .text.USBD_StdItfReq
                0x00000000080025f4       0x3c build/usbd_ctlreq.o
                0x00000000080025f4                USBD_StdItfReq
 .text.USBD_StdEPReq
                0x0000000008002630       0xd4 build/usbd_ctlreq.o
                0x0000000008002630                USBD_StdEPReq
 .text.USBD_ParseSetupRequest
                0x0000000008002704       0x28 build/usbd_ctlreq.o
                0x0000000008002704                USBD_ParseSetupRequest
 .text.USBD_CtlError
                0x000000000800272c       0x18 build/usbd_ctlreq.o
                0x000000000800272c                USBD_CtlError
 .text.USBD_GetString
                0x0000000008002744       0x50 build/usbd_ctlreq.o
                0x0000000008002744                USBD_GetString
 .text.USBD_CtlSendData
                0x0000000008002794       0x1c build/usbd_ioreq.o
                0x0000000008002794                USBD_CtlSendData
 .text.USBD_CtlContinueSendData
                0x00000000080027b0       0x10 build/usbd_ioreq.o
                0x00000000080027b0                USBD_CtlContinueSendData
 .text.USBD_CtlContinueRx
                0x00000000080027c0       0x10 build/usbd_ioreq.o
                0x00000000080027c0                USBD_CtlContinueRx
 .text.USBD_CtlSendStatus
                0x00000000080027d0       0x18 build/usbd_ioreq.o
                0x00000000080027d0                USBD_CtlSendStatus
 .text.USBD_CtlReceiveStatus
                0x00000000080027e8       0x18 build/usbd_ioreq.o
                0x00000000080027e8                USBD_CtlReceiveStatus
 .text.USBD_HID_GetCfgDesc
                0x0000000008002800        0xc build/usbd_hid.o
 .text.USBD_HID_DataIn
                0x000000000800280c        0xc build/usbd_hid.o
 .text.USBD_HID_GetDeviceQualifierDesc
                0x0000000008002818        0xc build/usbd_hid.o
 .text.USBD_HID_Setup
                0x0000000008002824       0xc8 build/usbd_hid.o
 .text.USBD_HID_DeInit
                0x00000000080028ec       0x20 build/usbd_hid.o
 .text.USBD_HID_Init
                0x000000000800290c       0x28 build/usbd_hid.o
 .text.USBD_HID_SendReport
                0x0000000008002934       0x2c build/usbd_hid.o
                0x0000000008002934                USBD_HID_SendReport
 .text.Reset_Handler
                0x0000000008002960       0x48 build/startup_stm32f103xb.o
                0x0000000008002960                Reset_Handler
 .text.Default_Handler
                0x00000000080029a8        0x2 build/startup_stm32f103xb.o
                0x00000000080029a8                RTC_Alarm_IRQHandler
                0x00000000080029a8                EXTI2_IRQHandler
                0x00000000080029a8                TIM1_CC_IRQHandler
                0x00000000080029a8                PVD_IRQHandler
                0x00000000080029a8                EXTI3_IRQHandler
                0x00000000080029a8                EXTI0_IRQHandler
                0x00000000080029a8                I2C2_EV_IRQHandler
                0x00000000080029a8                ADC1_2_IRQHandler
                0x00000000080029a8                SPI1_IRQHandler
                0x00000000080029a8                TAMPER_IRQHandler
                0x00000000080029a8                DMA1_Channel4_IRQHandler
                0x00000000080029a8                USART3_IRQHandler
                0x00000000080029a8                RTC_IRQHandler
                0x00000000080029a8                DMA1_Channel7_IRQHandler
                0x00000000080029a8                CAN1_RX1_IRQHandler
                0x00000000080029a8                TIM4_IRQHandler
                0x00000000080029a8                I2C1_EV_IRQHandler
                0x00000000080029a8                DMA1_Channel6_IRQHandler
                0x00000000080029a8                TIM3_IRQHandler
                0x00000000080029a8                RCC_IRQHandler
                0x00000000080029a8                TIM1_TRG_COM_IRQHandler
                0x00000000080029a8                DMA1_Channel1_IRQHandler
                0x00000000080029a8                Default_Handler
                0x00000000080029a8                EXTI15_10_IRQHandler
                0x00000000080029a8                EXTI9_5_IRQHandler
                0x00000000080029a8                SPI2_IRQHandler
                0x00000000080029a8                DMA1_Channel5_IRQHandler
                0x00000000080029a8                EXTI4_IRQHandler
                0x00000000080029a8                USB_HP_CAN1_TX_IRQHandler
                0x00000000080029a8                DMA1_Channel3_IRQHandler
                0x00000000080029a8                TIM1_UP_IRQHandler
                0x00000000080029a8                WWDG_IRQHandler
                0x00000000080029a8                TIM2_IRQHandler
                0x00000000080029a8                TIM1_BRK_IRQHandler
                0x00000000080029a8                EXTI1_IRQHandler
                0x00000000080029a8                USART2_IRQHandler
                0x00000000080029a8                I2C2_ER_IRQHandler
                0x00000000080029a8                DMA1_Channel2_IRQHandler
                0x00000000080029a8                CAN1_SCE_IRQHandler
                0x00000000080029a8                FLASH_IRQHandler
                0x00000000080029a8                USART1_IRQHandler
                0x00000000080029a8                I2C1_ER_IRQHandler
                0x00000000080029a8                USBWakeUp_IRQHandler
 *fill*         0x00000000080029aa        0x2 
 .text.__libc_init_array
                0x00000000080029ac       0x48 d:/vsarm/armcc/bin/../lib/gcc/arm-none-eabi/8.2.1/../../../../arm-none-eabi/lib/thumb/v7-m/nofp\libc_nano.a(lib_a-init.o)
                0x00000000080029ac                __libc_init_array
 *(.glue_7)
 .glue_7        0x00000000080029f4        0x0 linker stubs
 *(.glue_7t)
 .glue_7t       0x00000000080029f4        0x0 linker stubs
 *(.eh_frame)
 .eh_frame      0x00000000080029f4        0x0 d:/vsarm/armcc/bin/../lib/gcc/arm-none-eabi/8.2.1/thumb/v7-m/nofp/crtbegin.o
 *(.init)
 .init          0x00000000080029f4        0x4 d:/vsarm/armcc/bin/../lib/gcc/arm-none-eabi/8.2.1/thumb/v7-m/nofp/crti.o
                0x00000000080029f4                _init
 .init          0x00000000080029f8        0x8 d:/vsarm/armcc/bin/../lib/gcc/arm-none-eabi/8.2.1/thumb/v7-m/nofp/crtn.o
 *(.fini)
 .fini          0x0000000008002a00        0x4 d:/vsarm/armcc/bin/../lib/gcc/arm-none-eabi/8.2.1/thumb/v7-m/nofp/crti.o
                0x0000000008002a00                _fini
 .fini          0x0000000008002a04        0x8 d:/vsarm/armcc/bin/../lib/gcc/arm-none-eabi/8.2.1/thumb/v7-m/nofp/crtn.o
                0x0000000008002a0c                . = ALIGN (0x4)
                0x0000000008002a0c                _etext = .

.vfp11_veneer   0x0000000008002a0c        0x0
 .vfp11_veneer  0x0000000008002a0c        0x0 linker stubs

.v4_bx          0x0000000008002a0c        0x0
 .v4_bx         0x0000000008002a0c        0x0 linker stubs

.iplt           0x0000000008002a0c        0x0
 .iplt          0x0000000008002a0c        0x0 d:/vsarm/armcc/bin/../lib/gcc/arm-none-eabi/8.2.1/thumb/v7-m/nofp/crtbegin.o

.rodata         0x0000000008002a0c       0x7c
                0x0000000008002a0c                . = ALIGN (0x4)
 *(.rodata)
 .rodata        0x0000000008002a0c       0x10 build/stm32f1xx_hal_rcc.o
 *(.rodata*)
 .rodata.AHBPrescTable
                0x0000000008002a1c       0x10 build/system_stm32f1xx.o
                0x0000000008002a1c                AHBPrescTable
 .rodata.CSWTCH.2
                0x0000000008002a2c        0x4 build/usbd_conf.o
 .rodata.USBD_FS_ConfigStrDescriptor.str1.4
                0x0000000008002a30        0xb build/usbd_desc.o
 *fill*         0x0000000008002a3b        0x1 
 .rodata.USBD_FS_InterfaceStrDescriptor.str1.4
                0x0000000008002a3c        0xe build/usbd_desc.o
 *fill*         0x0000000008002a4a        0x2 
 .rodata.USBD_FS_ManufacturerStrDescriptor.str1.4
                0x0000000008002a4c       0x13 build/usbd_desc.o
 *fill*         0x0000000008002a5f        0x1 
 .rodata.USBD_FS_ProductStrDescriptor.str1.4
                0x0000000008002a60       0x16 build/usbd_desc.o
 *fill*         0x0000000008002a76        0x2 
 .rodata.USBD_FS_SerialStrDescriptor.str1.4
                0x0000000008002a78       0x10 build/usbd_desc.o
                                          0xd (size before relaxing)
                0x0000000008002a88                . = ALIGN (0x4)

.rel.dyn        0x0000000008002a88        0x0
 .rel.iplt      0x0000000008002a88        0x0 d:/vsarm/armcc/bin/../lib/gcc/arm-none-eabi/8.2.1/thumb/v7-m/nofp/crtbegin.o

.ARM.extab
 *(.ARM.extab* .gnu.linkonce.armextab.*)

.ARM            0x0000000008002a88        0x0
                0x0000000008002a88                __exidx_start = .
 *(.ARM.exidx*)
                0x0000000008002a88                __exidx_end = .

.preinit_array  0x0000000008002a88        0x0
                0x0000000008002a88                PROVIDE (__preinit_array_start = .)
 *(.preinit_array*)
                0x0000000008002a88                PROVIDE (__preinit_array_end = .)

.init_array     0x0000000008002a88        0x4
                0x0000000008002a88                PROVIDE (__init_array_start = .)
 *(SORT_BY_NAME(.init_array.*))
 *(.init_array*)
 .init_array    0x0000000008002a88        0x4 d:/vsarm/armcc/bin/../lib/gcc/arm-none-eabi/8.2.1/thumb/v7-m/nofp/crtbegin.o
                0x0000000008002a8c                PROVIDE (__init_array_end = .)

.fini_array     0x0000000008002a8c        0x4
                [!provide]                        PROVIDE (__fini_array_start = .)
 *(SORT_BY_NAME(.fini_array.*))
 *(.fini_array*)
 .fini_array    0x0000000008002a8c        0x4 d:/vsarm/armcc/bin/../lib/gcc/arm-none-eabi/8.2.1/thumb/v7-m/nofp/crtbegin.o
                [!provide]                        PROVIDE (__fini_array_end = .)
                0x0000000008002a90                _sidata = LOADADDR (.data)

.data           0x0000000020000000       0xe4 load address 0x0000000008002a90
                0x0000000020000000                . = ALIGN (0x4)
                0x0000000020000000                _sdata = .
 *(.data)
 *(.data*)
 .data.uwTickFreq
                0x0000000020000000        0x1 build/stm32f1xx_hal.o
                0x0000000020000000                uwTickFreq
 *fill*         0x0000000020000001        0x3 
 .data.uwTickPrio
                0x0000000020000004        0x4 build/stm32f1xx_hal.o
                0x0000000020000004                uwTickPrio
 .data.SystemCoreClock
                0x0000000020000008        0x4 build/system_stm32f1xx.o
                0x0000000020000008                SystemCoreClock
 .data.FS_Desc  0x000000002000000c       0x1c build/usbd_desc.o
                0x000000002000000c                FS_Desc
 .data.USBD_FS_DeviceDesc
                0x0000000020000028       0x12 build/usbd_desc.o
                0x0000000020000028                USBD_FS_DeviceDesc
 *fill*         0x000000002000003a        0x2 
 .data.USBD_LangIDDesc
                0x000000002000003c        0x4 build/usbd_desc.o
                0x000000002000003c                USBD_LangIDDesc
 .data.HID_KEYBOARD_ReportDesc
                0x0000000020000040       0x2d build/usbd_hid.o
 *fill*         0x000000002000006d        0x3 
 .data.USBD_HID
                0x0000000020000070       0x38 build/usbd_hid.o
                0x0000000020000070                USBD_HID
 .data.USBD_HID_CfgDesc
                0x00000000200000a8       0x22 build/usbd_hid.o
 *fill*         0x00000000200000ca        0x2 
 .data.USBD_HID_Desc
                0x00000000200000cc        0x9 build/usbd_hid.o
 *fill*         0x00000000200000d5        0x3 
 .data.USBD_HID_DeviceQualifierDesc
                0x00000000200000d8        0xa build/usbd_hid.o
                0x00000000200000e4                . = ALIGN (0x4)
 *fill*         0x00000000200000e2        0x2 
                0x00000000200000e4                _edata = .

.tm_clone_table
                0x00000000200000e4        0x0 load address 0x0000000008002b74
 .tm_clone_table
                0x00000000200000e4        0x0 d:/vsarm/armcc/bin/../lib/gcc/arm-none-eabi/8.2.1/thumb/v7-m/nofp/crtbegin.o
 .tm_clone_table
                0x00000000200000e4        0x0 d:/vsarm/armcc/bin/../lib/gcc/arm-none-eabi/8.2.1/thumb/v7-m/nofp/crtend.o

.igot.plt       0x00000000200000e4        0x0 load address 0x0000000008002b74
 .igot.plt      0x00000000200000e4        0x0 d:/vsarm/armcc/bin/../lib/gcc/arm-none-eabi/8.2.1/thumb/v7-m/nofp/crtbegin.o
                0x00000000200000e4                . = ALIGN (0x4)

.bss            0x00000000200000e4      0x8bc load address 0x0000000008002b74
                0x00000000200000e4                _sbss = .
                0x00000000200000e4                __bss_start__ = _sbss
 *(.bss)
 *(.bss*)
 .bss.completed.6707
                0x00000000200000e4        0x1 d:/vsarm/armcc/bin/../lib/gcc/arm-none-eabi/8.2.1/thumb/v7-m/nofp/crtbegin.o
 *fill*         0x00000000200000e5        0x3 
 .bss.object.6712
                0x00000000200000e8       0x18 d:/vsarm/armcc/bin/../lib/gcc/arm-none-eabi/8.2.1/thumb/v7-m/nofp/crtbegin.o
 .bss.mem.7779  0x0000000020000100       0x14 build/usbd_conf.o
 .bss.cfgidx.7652
                0x0000000020000114        0x1 build/usbd_ctlreq.o
 *(COMMON)
 *fill*         0x0000000020000115        0x3 
 COMMON         0x0000000020000118        0x4 build/stm32f1xx_hal.o
                0x0000000020000118                uwTick
 COMMON         0x000000002000011c      0x224 build/usb_device.o
                0x000000002000011c                hUsbDeviceFS
 COMMON         0x0000000020000340      0x460 build/usbd_conf.o
                0x0000000020000340                hpcd_USB_FS
 COMMON         0x00000000200007a0      0x200 build/usbd_desc.o
                0x00000000200007a0                USBD_StrDesc
                0x00000000200009a0                . = ALIGN (0x4)
                0x00000000200009a0                _ebss = .
                0x00000000200009a0                __bss_end__ = _ebss

._user_heap_stack
                0x00000000200009a0      0x600 load address 0x0000000008002b74
                0x00000000200009a0                . = ALIGN (0x8)
                [!provide]                        PROVIDE (end = .)
                [!provide]                        PROVIDE (_end = .)
                0x0000000020000ba0                . = (. + _Min_Heap_Size)
 *fill*         0x00000000200009a0      0x200 
                0x0000000020000fa0                . = (. + _Min_Stack_Size)
 *fill*         0x0000000020000ba0      0x400 
                0x0000000020000fa0                . = ALIGN (0x8)

/DISCARD/
 libc.a(*)
 libm.a(*)
 libgcc.a(*)

.ARM.attributes
                0x0000000000000000       0x29
 *(.ARM.attributes)
 .ARM.attributes
                0x0000000000000000       0x1d d:/vsarm/armcc/bin/../lib/gcc/arm-none-eabi/8.2.1/thumb/v7-m/nofp/crti.o
 .ARM.attributes
                0x000000000000001d       0x2d d:/vsarm/armcc/bin/../lib/gcc/arm-none-eabi/8.2.1/thumb/v7-m/nofp/crtbegin.o
 .ARM.attributes
                0x000000000000004a       0x2d build/main.o
 .ARM.attributes
                0x0000000000000077       0x2d build/stm32f1xx_it.o
 .ARM.attributes
                0x00000000000000a4       0x2d build/stm32f1xx_hal_msp.o
 .ARM.attributes
                0x00000000000000d1       0x2d build/stm32f1xx_hal.o
 .ARM.attributes
                0x00000000000000fe       0x2d build/stm32f1xx_hal_rcc.o
 .ARM.attributes
                0x000000000000012b       0x2d build/stm32f1xx_hal_rcc_ex.o
 .ARM.attributes
                0x0000000000000158       0x2d build/stm32f1xx_hal_gpio.o
 .ARM.attributes
                0x0000000000000185       0x2d build/stm32f1xx_hal_cortex.o
 .ARM.attributes
                0x00000000000001b2       0x2d build/system_stm32f1xx.o
 .ARM.attributes
                0x00000000000001df       0x2d build/stm32f1xx_hal_pcd.o
 .ARM.attributes
                0x000000000000020c       0x2d build/stm32f1xx_hal_pcd_ex.o
 .ARM.attributes
                0x0000000000000239       0x2d build/stm32f1xx_ll_usb.o
 .ARM.attributes
                0x0000000000000266       0x2d build/usb_device.o
 .ARM.attributes
                0x0000000000000293       0x2d build/usbd_conf.o
 .ARM.attributes
                0x00000000000002c0       0x2d build/usbd_desc.o
 .ARM.attributes
                0x00000000000002ed       0x2d build/usbd_core.o
 .ARM.attributes
                0x000000000000031a       0x2d build/usbd_ctlreq.o
 .ARM.attributes
                0x0000000000000347       0x2d build/usbd_ioreq.o
 .ARM.attributes
                0x0000000000000374       0x2d build/usbd_hid.o
 .ARM.attributes
                0x00000000000003a1       0x21 build/startup_stm32f103xb.o
 .ARM.attributes
                0x00000000000003c2       0x2d d:/vsarm/armcc/bin/../lib/gcc/arm-none-eabi/8.2.1/../../../../arm-none-eabi/lib/thumb/v7-m/nofp\libc_nano.a(lib_a-init.o)
 .ARM.attributes
                0x00000000000003ef       0x2d d:/vsarm/armcc/bin/../lib/gcc/arm-none-eabi/8.2.1/thumb/v7-m/nofp/crtend.o
 .ARM.attributes
                0x000000000000041c       0x1d d:/vsarm/armcc/bin/../lib/gcc/arm-none-eabi/8.2.1/thumb/v7-m/nofp/crtn.o
OUTPUT(build/vsarm_firmware.elf elf32-littlearm)

.debug_info     0x0000000000000000    0x18d14
 .debug_info    0x0000000000000000     0x1608 build/main.o
 .debug_info    0x0000000000001608     0x10be build/stm32f1xx_it.o
 .debug_info    0x00000000000026c6      0xc9e build/stm32f1xx_hal_msp.o
 .debug_info    0x0000000000003364     0x125a build/stm32f1xx_hal.o
 .debug_info    0x00000000000045be     0x1531 build/stm32f1xx_hal_rcc.o
 .debug_info    0x0000000000005aef      0xeb1 build/stm32f1xx_hal_rcc_ex.o
 .debug_info    0x00000000000069a0     0x1147 build/stm32f1xx_hal_gpio.o
 .debug_info    0x0000000000007ae7     0x184b build/stm32f1xx_hal_cortex.o
 .debug_info    0x0000000000009332      0xe56 build/system_stm32f1xx.o
 .debug_info    0x000000000000a188     0x1e12 build/stm32f1xx_hal_pcd.o
 .debug_info    0x000000000000bf9a     0x10ae build/stm32f1xx_hal_pcd_ex.o
 .debug_info    0x000000000000d048     0x1cb0 build/stm32f1xx_ll_usb.o
 .debug_info    0x000000000000ecf8     0x103d build/usb_device.o
 .debug_info    0x000000000000fd35     0x262c build/usbd_conf.o
 .debug_info    0x0000000000012361     0x1012 build/usbd_desc.o
 .debug_info    0x0000000000013373     0x1840 build/usbd_core.o
 .debug_info    0x0000000000014bb3     0x19bf build/usbd_ctlreq.o
 .debug_info    0x0000000000016572     0x12c9 build/usbd_ioreq.o
 .debug_info    0x000000000001783b     0x14b7 build/usbd_hid.o
 .debug_info    0x0000000000018cf2       0x22 build/startup_stm32f103xb.o

.debug_abbrev   0x0000000000000000     0x3bea
 .debug_abbrev  0x0000000000000000      0x309 build/main.o
 .debug_abbrev  0x0000000000000309      0x264 build/stm32f1xx_it.o
 .debug_abbrev  0x000000000000056d      0x223 build/stm32f1xx_hal_msp.o
 .debug_abbrev  0x0000000000000790      0x3aa build/stm32f1xx_hal.o
 .debug_abbrev  0x0000000000000b3a      0x403 build/stm32f1xx_hal_rcc.o
 .debug_abbrev  0x0000000000000f3d      0x2dc build/stm32f1xx_hal_rcc_ex.o
 .debug_abbrev  0x0000000000001219      0x308 build/stm32f1xx_hal_gpio.o
 .debug_abbrev  0x0000000000001521      0x45c build/stm32f1xx_hal_cortex.o
 .debug_abbrev  0x000000000000197d      0x23f build/system_stm32f1xx.o
 .debug_abbrev  0x0000000000001bbc      0x45c build/stm32f1xx_hal_pcd.o
 .debug_abbrev  0x0000000000002018      0x24b build/stm32f1xx_hal_pcd_ex.o
 .debug_abbrev  0x0000000000002263      0x3b5 build/stm32f1xx_ll_usb.o
 .debug_abbrev  0x0000000000002618      0x222 build/usb_device.o
 .debug_abbrev  0x000000000000283a      0x391 build/usbd_conf.o
 .debug_abbrev  0x0000000000002bcb      0x2e7 build/usbd_desc.o
 .debug_abbrev  0x0000000000002eb2      0x39e build/usbd_core.o
 .debug_abbrev  0x0000000000003250      0x45b build/usbd_ctlreq.o
 .debug_abbrev  0x00000000000036ab      0x229 build/usbd_ioreq.o
 .debug_abbrev  0x00000000000038d4      0x304 build/usbd_hid.o
 .debug_abbrev  0x0000000000003bd8       0x12 build/startup_stm32f103xb.o

.debug_loc      0x0000000000000000     0x727e
 .debug_loc     0x0000000000000000       0x65 build/main.o
 .debug_loc     0x0000000000000065       0x41 build/stm32f1xx_hal_msp.o
 .debug_loc     0x00000000000000a6      0x1e2 build/stm32f1xx_hal.o
 .debug_loc     0x0000000000000288      0x737 build/stm32f1xx_hal_rcc.o
 .debug_loc     0x00000000000009bf      0x3f1 build/stm32f1xx_hal_rcc_ex.o
 .debug_loc     0x0000000000000db0      0x58f build/stm32f1xx_hal_gpio.o
 .debug_loc     0x000000000000133f      0x7ed build/stm32f1xx_hal_cortex.o
 .debug_loc     0x0000000000001b2c      0x113 build/system_stm32f1xx.o
 .debug_loc     0x0000000000001c3f      0xdf4 build/stm32f1xx_hal_pcd.o
 .debug_loc     0x0000000000002a33      0x123 build/stm32f1xx_hal_pcd_ex.o
 .debug_loc     0x0000000000002b56     0x163c build/stm32f1xx_ll_usb.o
 .debug_loc     0x0000000000004192       0x2c build/usb_device.o
 .debug_loc     0x00000000000041be      0xcef build/usbd_conf.o
 .debug_loc     0x0000000000004ead      0x365 build/usbd_desc.o
 .debug_loc     0x0000000000005212      0x986 build/usbd_core.o
 .debug_loc     0x0000000000005b98      0xdd2 build/usbd_ctlreq.o
 .debug_loc     0x000000000000696a      0x364 build/usbd_ioreq.o
 .debug_loc     0x0000000000006cce      0x5b0 build/usbd_hid.o

.debug_aranges  0x0000000000000000      0x838
 .debug_aranges
                0x0000000000000000       0x30 build/main.o
 .debug_aranges
                0x0000000000000030       0x50 build/stm32f1xx_it.o
 .debug_aranges
                0x0000000000000080       0x20 build/stm32f1xx_hal_msp.o
 .debug_aranges
                0x00000000000000a0       0xc8 build/stm32f1xx_hal.o
 .debug_aranges
                0x0000000000000168       0x88 build/stm32f1xx_hal_rcc.o
 .debug_aranges
                0x00000000000001f0       0x30 build/stm32f1xx_hal_rcc_ex.o
 .debug_aranges
                0x0000000000000220       0x58 build/stm32f1xx_hal_gpio.o
 .debug_aranges
                0x0000000000000278       0x90 build/stm32f1xx_hal_cortex.o
 .debug_aranges
                0x0000000000000308       0x28 build/system_stm32f1xx.o
 .debug_aranges
                0x0000000000000330       0xc0 build/stm32f1xx_hal_pcd.o
 .debug_aranges
                0x00000000000003f0       0x28 build/stm32f1xx_hal_pcd_ex.o
 .debug_aranges
                0x0000000000000418       0xe0 build/stm32f1xx_ll_usb.o
 .debug_aranges
                0x00000000000004f8       0x20 build/usb_device.o
 .debug_aranges
                0x0000000000000518      0x110 build/usbd_conf.o
 .debug_aranges
                0x0000000000000628       0x50 build/usbd_desc.o
 .debug_aranges
                0x0000000000000678       0xa8 build/usbd_core.o
 .debug_aranges
                0x0000000000000720       0x48 build/usbd_ctlreq.o
 .debug_aranges
                0x0000000000000768       0x50 build/usbd_ioreq.o
 .debug_aranges
                0x00000000000007b8       0x58 build/usbd_hid.o
 .debug_aranges
                0x0000000000000810       0x28 build/startup_stm32f103xb.o

.debug_ranges   0x0000000000000000      0xd88
 .debug_ranges  0x0000000000000000       0x88 build/main.o
 .debug_ranges  0x0000000000000088       0x40 build/stm32f1xx_it.o
 .debug_ranges  0x00000000000000c8       0x48 build/stm32f1xx_hal_msp.o
 .debug_ranges  0x0000000000000110       0xb8 build/stm32f1xx_hal.o
 .debug_ranges  0x00000000000001c8      0x120 build/stm32f1xx_hal_rcc.o
 .debug_ranges  0x00000000000002e8       0x60 build/stm32f1xx_hal_rcc_ex.o
 .debug_ranges  0x0000000000000348       0x60 build/stm32f1xx_hal_gpio.o
 .debug_ranges  0x00000000000003a8      0x180 build/stm32f1xx_hal_cortex.o
 .debug_ranges  0x0000000000000528       0x18 build/system_stm32f1xx.o
 .debug_ranges  0x0000000000000540      0x118 build/stm32f1xx_hal_pcd.o
 .debug_ranges  0x0000000000000658       0x18 build/stm32f1xx_hal_pcd_ex.o
 .debug_ranges  0x0000000000000670      0x2f8 build/stm32f1xx_ll_usb.o
 .debug_ranges  0x0000000000000968       0x10 build/usb_device.o
 .debug_ranges  0x0000000000000978      0x138 build/usbd_conf.o
 .debug_ranges  0x0000000000000ab0       0xa0 build/usbd_desc.o
 .debug_ranges  0x0000000000000b50       0x98 build/usbd_core.o
 .debug_ranges  0x0000000000000be8       0xf8 build/usbd_ctlreq.o
 .debug_ranges  0x0000000000000ce0       0x40 build/usbd_ioreq.o
 .debug_ranges  0x0000000000000d20       0x48 build/usbd_hid.o
 .debug_ranges  0x0000000000000d68       0x20 build/startup_stm32f103xb.o

.debug_line     0x0000000000000000     0x7701
 .debug_line    0x0000000000000000      0x4e9 build/main.o
 .debug_line    0x00000000000004e9      0x2ac build/stm32f1xx_it.o
 .debug_line    0x0000000000000795      0x1eb build/stm32f1xx_hal_msp.o
 .debug_line    0x0000000000000980      0x52d build/stm32f1xx_hal.o
 .debug_line    0x0000000000000ead      0xd3b build/stm32f1xx_hal_rcc.o
 .debug_line    0x0000000000001be8      0x524 build/stm32f1xx_hal_rcc_ex.o
 .debug_line    0x000000000000210c      0x70d build/stm32f1xx_hal_gpio.o
 .debug_line    0x0000000000002819      0x6af build/stm32f1xx_hal_cortex.o
 .debug_line    0x0000000000002ec8      0x2c7 build/system_stm32f1xx.o
 .debug_line    0x000000000000318f      0xd70 build/stm32f1xx_hal_pcd.o
 .debug_line    0x0000000000003eff      0x2ac build/stm32f1xx_hal_pcd_ex.o
 .debug_line    0x00000000000041ab      0xf29 build/stm32f1xx_ll_usb.o
 .debug_line    0x00000000000050d4      0x29e build/usb_device.o
 .debug_line    0x0000000000005372      0x7f5 build/usbd_conf.o
 .debug_line    0x0000000000005b67      0x359 build/usbd_desc.o
 .debug_line    0x0000000000005ec0      0x735 build/usbd_core.o
 .debug_line    0x00000000000065f5      0x7bb build/usbd_ctlreq.o
 .debug_line    0x0000000000006db0      0x371 build/usbd_ioreq.o
 .debug_line    0x0000000000007121      0x56e build/usbd_hid.o
 .debug_line    0x000000000000768f       0x72 build/startup_stm32f103xb.o

.debug_str      0x0000000000000000     0x2af1
 .debug_str     0x0000000000000000      0xc2a build/main.o
                                        0xd03 (size before relaxing)
 .debug_str     0x0000000000000c2a      0x396 build/stm32f1xx_it.o
                                        0xa09 (size before relaxing)
 .debug_str     0x0000000000000fc0       0x48 build/stm32f1xx_hal_msp.o
                                        0x6cb (size before relaxing)
 .debug_str     0x0000000000001008      0x548 build/stm32f1xx_hal.o
                                        0xc22 (size before relaxing)
 .debug_str     0x0000000000001550      0x1ec build/stm32f1xx_hal_rcc.o
                                        0xa8e (size before relaxing)
 .debug_str     0x000000000000173c       0x9c build/stm32f1xx_hal_rcc_ex.o
                                        0x872 (size before relaxing)
 .debug_str     0x00000000000017d8      0x142 build/stm32f1xx_hal_gpio.o
                                        0x8b7 (size before relaxing)
 .debug_str     0x000000000000191a      0x2a6 build/stm32f1xx_hal_cortex.o
                                        0xd4a (size before relaxing)
 .debug_str     0x0000000000001bc0       0x4a build/system_stm32f1xx.o
                                        0x720 (size before relaxing)
 .debug_str     0x0000000000001c0a      0x532 build/stm32f1xx_hal_pcd.o
                                        0xeb1 (size before relaxing)
 .debug_str     0x000000000000213c       0x54 build/stm32f1xx_hal_pcd_ex.o
                                        0x9dc (size before relaxing)
 .debug_str     0x0000000000002190      0x158 build/stm32f1xx_ll_usb.o
                                        0xbaf (size before relaxing)
 .debug_str     0x00000000000022e8       0x41 build/usb_device.o
                                        0xa39 (size before relaxing)
 .debug_str     0x0000000000002329      0x279 build/usbd_conf.o
                                       0x15ad (size before relaxing)
 .debug_str     0x00000000000025a2      0x11a build/usbd_desc.o
                                        0x888 (size before relaxing)
 .debug_str     0x00000000000026bc      0x13e build/usbd_core.o
                                        0xccd (size before relaxing)
 .debug_str     0x00000000000027fa       0xe2 build/usbd_ctlreq.o
                                        0xbe7 (size before relaxing)
 .debug_str     0x00000000000028dc       0x60 build/usbd_ioreq.o
                                        0xb14 (size before relaxing)
 .debug_str     0x000000000000293c      0x190 build/usbd_hid.o
                                        0xc3e (size before relaxing)
 .debug_str     0x0000000000002acc       0x25 build/startup_stm32f103xb.o
                                         0x4f (size before relaxing)

.comment        0x0000000000000000       0x68
 .comment       0x0000000000000000       0x68 build/main.o
                                         0x69 (size before relaxing)
 .comment       0x0000000000000068       0x69 build/stm32f1xx_it.o
 .comment       0x0000000000000068       0x69 build/stm32f1xx_hal_msp.o
 .comment       0x0000000000000068       0x69 build/stm32f1xx_hal.o
 .comment       0x0000000000000068       0x69 build/stm32f1xx_hal_rcc.o
 .comment       0x0000000000000068       0x69 build/stm32f1xx_hal_rcc_ex.o
 .comment       0x0000000000000068       0x69 build/stm32f1xx_hal_gpio.o
 .comment       0x0000000000000068       0x69 build/stm32f1xx_hal_cortex.o
 .comment       0x0000000000000068       0x69 build/system_stm32f1xx.o
 .comment       0x0000000000000068       0x69 build/stm32f1xx_hal_pcd.o
 .comment       0x0000000000000068       0x69 build/stm32f1xx_hal_pcd_ex.o
 .comment       0x0000000000000068       0x69 build/stm32f1xx_ll_usb.o
 .comment       0x0000000000000068       0x69 build/usb_device.o
 .comment       0x0000000000000068       0x69 build/usbd_conf.o
 .comment       0x0000000000000068       0x69 build/usbd_desc.o
 .comment       0x0000000000000068       0x69 build/usbd_core.o
 .comment       0x0000000000000068       0x69 build/usbd_ctlreq.o
 .comment       0x0000000000000068       0x69 build/usbd_ioreq.o
 .comment       0x0000000000000068       0x69 build/usbd_hid.o

.debug_frame    0x0000000000000000     0x163c
 .debug_frame   0x0000000000000000       0x60 build/main.o
 .debug_frame   0x0000000000000060       0xb0 build/stm32f1xx_it.o
 .debug_frame   0x0000000000000110       0x28 build/stm32f1xx_hal_msp.o
 .debug_frame   0x0000000000000138      0x1c4 build/stm32f1xx_hal.o
 .debug_frame   0x00000000000002fc      0x194 build/stm32f1xx_hal_rcc.o
 .debug_frame   0x0000000000000490       0x84 build/stm32f1xx_hal_rcc_ex.o
 .debug_frame   0x0000000000000514      0x110 build/stm32f1xx_hal_gpio.o
 .debug_frame   0x0000000000000624      0x14c build/stm32f1xx_hal_cortex.o
 .debug_frame   0x0000000000000770       0x40 build/system_stm32f1xx.o
 .debug_frame   0x00000000000007b0      0x33c build/stm32f1xx_hal_pcd.o
 .debug_frame   0x0000000000000aec       0x30 build/stm32f1xx_hal_pcd_ex.o
 .debug_frame   0x0000000000000b1c      0x2c4 build/stm32f1xx_ll_usb.o
 .debug_frame   0x0000000000000de0       0x30 build/usb_device.o
 .debug_frame   0x0000000000000e10      0x2d4 build/usbd_conf.o
 .debug_frame   0x00000000000010e4       0xbc build/usbd_desc.o
 .debug_frame   0x00000000000011a0      0x1f0 build/usbd_core.o
 .debug_frame   0x0000000000001390       0xdc build/usbd_ctlreq.o
 .debug_frame   0x000000000000146c       0xdc build/usbd_ioreq.o
 .debug_frame   0x0000000000001548       0xc8 build/usbd_hid.o
 .debug_frame   0x0000000000001610       0x2c d:/vsarm/armcc/bin/../lib/gcc/arm-none-eabi/8.2.1/../../../../arm-none-eabi/lib/thumb/v7-m/nofp\libc_nano.a(lib_a-init.o)

Cross Reference Table

Symbol                                            File
ADC1_2_IRQHandler                                 build/startup_stm32f103xb.o
AHBPrescTable                                     build/system_stm32f1xx.o
                                                  build/stm32f1xx_hal_rcc.o
APBPrescTable                                     build/system_stm32f1xx.o
                                                  build/stm32f1xx_hal_rcc.o
BusFault_Handler                                  build/stm32f1xx_it.o
CAN1_RX1_IRQHandler                               build/startup_stm32f103xb.o
CAN1_SCE_IRQHandler                               build/startup_stm32f103xb.o
DMA1_Channel1_IRQHandler                          build/startup_stm32f103xb.o
DMA1_Channel2_IRQHandler                          build/startup_stm32f103xb.o
DMA1_Channel3_IRQHandler                          build/startup_stm32f103xb.o
DMA1_Channel4_IRQHandler                          build/startup_stm32f103xb.o
DMA1_Channel5_IRQHandler                          build/startup_stm32f103xb.o
DMA1_Channel6_IRQHandler                          build/startup_stm32f103xb.o
DMA1_Channel7_IRQHandler                          build/startup_stm32f103xb.o
DebugMon_Handler                                  build/stm32f1xx_it.o
Default_Handler                                   build/startup_stm32f103xb.o
EXTI0_IRQHandler                                  build/startup_stm32f103xb.o
EXTI15_10_IRQHandler                              build/startup_stm32f103xb.o
EXTI1_IRQHandler                                  build/startup_stm32f103xb.o
EXTI2_IRQHandler                                  build/startup_stm32f103xb.o
EXTI3_IRQHandler                                  build/startup_stm32f103xb.o
EXTI4_IRQHandler                                  build/startup_stm32f103xb.o
EXTI9_5_IRQHandler                                build/startup_stm32f103xb.o
Error_Handler                                     build/main.o
                                                  build/usbd_conf.o
FLASH_IRQHandler                                  build/startup_stm32f103xb.o
FLASH_PageErase                                   build/stm32f1xx_hal_flash_ex.o
                                                  build/stm32f1xx_hal_flash.o
FLASH_WaitForLastOperation                        build/stm32f1xx_hal_flash.o
                                                  build/stm32f1xx_hal_flash_ex.o
FS_Desc                                           build/usbd_desc.o
                                                  build/usb_device.o
HAL_DBGMCU_DisableDBGSleepMode                    build/stm32f1xx_hal.o
HAL_DBGMCU_DisableDBGStandbyMode                  build/stm32f1xx_hal.o
HAL_DBGMCU_DisableDBGStopMode                     build/stm32f1xx_hal.o
HAL_DBGMCU_EnableDBGSleepMode                     build/stm32f1xx_hal.o
HAL_DBGMCU_EnableDBGStandbyMode                   build/stm32f1xx_hal.o
HAL_DBGMCU_EnableDBGStopMode                      build/stm32f1xx_hal.o
HAL_DMA_Abort                                     build/stm32f1xx_hal_dma.o
HAL_DMA_Abort_IT                                  build/stm32f1xx_hal_dma.o
HAL_DMA_DeInit                                    build/stm32f1xx_hal_dma.o
HAL_DMA_GetError                                  build/stm32f1xx_hal_dma.o
HAL_DMA_GetState                                  build/stm32f1xx_hal_dma.o
HAL_DMA_IRQHandler                                build/stm32f1xx_hal_dma.o
HAL_DMA_Init                                      build/stm32f1xx_hal_dma.o
HAL_DMA_PollForTransfer                           build/stm32f1xx_hal_dma.o
HAL_DMA_RegisterCallback                          build/stm32f1xx_hal_dma.o
HAL_DMA_Start                                     build/stm32f1xx_hal_dma.o
HAL_DMA_Start_IT                                  build/stm32f1xx_hal_dma.o
HAL_DMA_UnRegisterCallback                        build/stm32f1xx_hal_dma.o
HAL_DeInit                                        build/stm32f1xx_hal.o
HAL_Delay                                         build/stm32f1xx_hal.o
                                                  build/usbd_conf.o
                                                  build/main.o
HAL_FLASHEx_Erase                                 build/stm32f1xx_hal_flash_ex.o
HAL_FLASHEx_Erase_IT                              build/stm32f1xx_hal_flash_ex.o
HAL_FLASHEx_OBErase                               build/stm32f1xx_hal_flash_ex.o
HAL_FLASHEx_OBGetConfig                           build/stm32f1xx_hal_flash_ex.o
HAL_FLASHEx_OBGetUserData                         build/stm32f1xx_hal_flash_ex.o
HAL_FLASHEx_OBProgram                             build/stm32f1xx_hal_flash_ex.o
HAL_FLASH_EndOfOperationCallback                  build/stm32f1xx_hal_flash.o
HAL_FLASH_GetError                                build/stm32f1xx_hal_flash.o
HAL_FLASH_IRQHandler                              build/stm32f1xx_hal_flash.o
HAL_FLASH_Lock                                    build/stm32f1xx_hal_flash.o
HAL_FLASH_OB_Launch                               build/stm32f1xx_hal_flash.o
HAL_FLASH_OB_Lock                                 build/stm32f1xx_hal_flash.o
HAL_FLASH_OB_Unlock                               build/stm32f1xx_hal_flash.o
HAL_FLASH_OperationErrorCallback                  build/stm32f1xx_hal_flash.o
HAL_FLASH_Program                                 build/stm32f1xx_hal_flash.o
HAL_FLASH_Program_IT                              build/stm32f1xx_hal_flash.o
HAL_FLASH_Unlock                                  build/stm32f1xx_hal_flash.o
HAL_GPIOEx_ConfigEventout                         build/stm32f1xx_hal_gpio_ex.o
HAL_GPIOEx_DisableEventout                        build/stm32f1xx_hal_gpio_ex.o
HAL_GPIOEx_EnableEventout                         build/stm32f1xx_hal_gpio_ex.o
HAL_GPIO_DeInit                                   build/stm32f1xx_hal_gpio.o
HAL_GPIO_EXTI_Callback                            build/stm32f1xx_hal_gpio.o
HAL_GPIO_EXTI_IRQHandler                          build/stm32f1xx_hal_gpio.o
HAL_GPIO_Init                                     build/stm32f1xx_hal_gpio.o
                                                  build/stm32f1xx_hal_rcc.o
                                                  build/main.o
HAL_GPIO_LockPin                                  build/stm32f1xx_hal_gpio.o
HAL_GPIO_ReadPin                                  build/stm32f1xx_hal_gpio.o
HAL_GPIO_TogglePin                                build/stm32f1xx_hal_gpio.o
                                                  build/main.o
HAL_GPIO_WritePin                                 build/stm32f1xx_hal_gpio.o
HAL_GetDEVID                                      build/stm32f1xx_hal.o
HAL_GetHalVersion                                 build/stm32f1xx_hal.o
HAL_GetREVID                                      build/stm32f1xx_hal.o
HAL_GetTick                                       build/stm32f1xx_hal.o
                                                  build/stm32f1xx_hal_flash.o
                                                  build/stm32f1xx_hal_dma.o
                                                  build/stm32f1xx_hal_rcc_ex.o
                                                  build/stm32f1xx_hal_rcc.o
HAL_GetTickFreq                                   build/stm32f1xx_hal.o
HAL_GetTickPrio                                   build/stm32f1xx_hal.o
HAL_GetUID                                        build/stm32f1xx_hal.o
HAL_IncTick                                       build/stm32f1xx_hal.o
                                                  build/stm32f1xx_it.o
HAL_Init                                          build/stm32f1xx_hal.o
                                                  build/main.o
HAL_InitTick                                      build/stm32f1xx_hal.o
                                                  build/stm32f1xx_hal_rcc.o
HAL_MspDeInit                                     build/stm32f1xx_hal.o
HAL_MspInit                                       build/stm32f1xx_hal_msp.o
HAL_NVIC_ClearPendingIRQ                          build/stm32f1xx_hal_cortex.o
HAL_NVIC_DisableIRQ                               build/stm32f1xx_hal_cortex.o
                                                  build/usbd_conf.o
HAL_NVIC_EnableIRQ                                build/stm32f1xx_hal_cortex.o
                                                  build/usbd_conf.o
HAL_NVIC_GetActive                                build/stm32f1xx_hal_cortex.o
HAL_NVIC_GetPendingIRQ                            build/stm32f1xx_hal_cortex.o
HAL_NVIC_GetPriority                              build/stm32f1xx_hal_cortex.o
HAL_NVIC_GetPriorityGrouping                      build/stm32f1xx_hal_cortex.o
HAL_NVIC_SetPendingIRQ                            build/stm32f1xx_hal_cortex.o
HAL_NVIC_SetPriority                              build/stm32f1xx_hal_cortex.o
                                                  build/usbd_conf.o
                                                  build/stm32f1xx_hal.o
HAL_NVIC_SetPriorityGrouping                      build/stm32f1xx_hal_cortex.o
                                                  build/stm32f1xx_hal.o
HAL_NVIC_SystemReset                              build/stm32f1xx_hal_cortex.o
                                                  build/stm32f1xx_hal_flash.o
HAL_PCDEx_PMAConfig                               build/stm32f1xx_hal_pcd_ex.o
                                                  build/usbd_conf.o
HAL_PCDEx_SetConnectionState                      build/usbd_conf.o
                                                  build/stm32f1xx_hal_pcd_ex.o
                                                  build/stm32f1xx_hal_pcd.o
HAL_PCD_ActivateRemoteWakeup                      build/stm32f1xx_hal_pcd.o
HAL_PCD_ConnectCallback                           build/usbd_conf.o
                                                  build/stm32f1xx_hal_pcd.o
HAL_PCD_DataInStageCallback                       build/usbd_conf.o
                                                  build/stm32f1xx_hal_pcd.o
HAL_PCD_DataOutStageCallback                      build/usbd_conf.o
                                                  build/stm32f1xx_hal_pcd.o
HAL_PCD_DeActivateRemoteWakeup                    build/stm32f1xx_hal_pcd.o
HAL_PCD_DeInit                                    build/stm32f1xx_hal_pcd.o
                                                  build/usbd_conf.o
HAL_PCD_DevConnect                                build/stm32f1xx_hal_pcd.o
HAL_PCD_DevDisconnect                             build/stm32f1xx_hal_pcd.o
HAL_PCD_DisconnectCallback                        build/usbd_conf.o
                                                  build/stm32f1xx_hal_pcd.o
HAL_PCD_EP_Close                                  build/stm32f1xx_hal_pcd.o
                                                  build/usbd_conf.o
HAL_PCD_EP_ClrStall                               build/stm32f1xx_hal_pcd.o
                                                  build/usbd_conf.o
HAL_PCD_EP_Flush                                  build/stm32f1xx_hal_pcd.o
                                                  build/usbd_conf.o
HAL_PCD_EP_GetRxCount                             build/stm32f1xx_hal_pcd.o
                                                  build/usbd_conf.o
HAL_PCD_EP_Open                                   build/stm32f1xx_hal_pcd.o
                                                  build/usbd_conf.o
HAL_PCD_EP_Receive                                build/stm32f1xx_hal_pcd.o
                                                  build/usbd_conf.o
HAL_PCD_EP_SetStall                               build/stm32f1xx_hal_pcd.o
                                                  build/usbd_conf.o
HAL_PCD_EP_Transmit                               build/stm32f1xx_hal_pcd.o
                                                  build/usbd_conf.o
HAL_PCD_GetState                                  build/stm32f1xx_hal_pcd.o
HAL_PCD_IRQHandler                                build/stm32f1xx_hal_pcd.o
                                                  build/stm32f1xx_it.o
HAL_PCD_ISOINIncompleteCallback                   build/usbd_conf.o
                                                  build/stm32f1xx_hal_pcd.o
HAL_PCD_ISOOUTIncompleteCallback                  build/usbd_conf.o
                                                  build/stm32f1xx_hal_pcd.o
HAL_PCD_Init                                      build/stm32f1xx_hal_pcd.o
                                                  build/usbd_conf.o
HAL_PCD_MspDeInit                                 build/usbd_conf.o
                                                  build/stm32f1xx_hal_pcd.o
HAL_PCD_MspInit                                   build/usbd_conf.o
                                                  build/stm32f1xx_hal_pcd.o
HAL_PCD_ResetCallback                             build/usbd_conf.o
                                                  build/stm32f1xx_hal_pcd.o
HAL_PCD_ResumeCallback                            build/usbd_conf.o
                                                  build/stm32f1xx_hal_pcd.o
HAL_PCD_SOFCallback                               build/usbd_conf.o
                                                  build/stm32f1xx_hal_pcd.o
HAL_PCD_SetAddress                                build/stm32f1xx_hal_pcd.o
                                                  build/usbd_conf.o
HAL_PCD_SetupStageCallback                        build/usbd_conf.o
                                                  build/stm32f1xx_hal_pcd.o
HAL_PCD_Start                                     build/stm32f1xx_hal_pcd.o
                                                  build/usbd_conf.o
HAL_PCD_Stop                                      build/stm32f1xx_hal_pcd.o
                                                  build/usbd_conf.o
HAL_PCD_SuspendCallback                           build/usbd_conf.o
                                                  build/stm32f1xx_hal_pcd.o
HAL_PWR_ConfigPVD                                 build/stm32f1xx_hal_pwr.o
HAL_PWR_DeInit                                    build/stm32f1xx_hal_pwr.o
HAL_PWR_DisableBkUpAccess                         build/stm32f1xx_hal_pwr.o
HAL_PWR_DisablePVD                                build/stm32f1xx_hal_pwr.o
HAL_PWR_DisableSEVOnPend                          build/stm32f1xx_hal_pwr.o
HAL_PWR_DisableSleepOnExit                        build/stm32f1xx_hal_pwr.o
HAL_PWR_DisableWakeUpPin                          build/stm32f1xx_hal_pwr.o
HAL_PWR_EnableBkUpAccess                          build/stm32f1xx_hal_pwr.o
HAL_PWR_EnablePVD                                 build/stm32f1xx_hal_pwr.o
HAL_PWR_EnableSEVOnPend                           build/stm32f1xx_hal_pwr.o
HAL_PWR_EnableSleepOnExit                         build/stm32f1xx_hal_pwr.o
HAL_PWR_EnableWakeUpPin                           build/stm32f1xx_hal_pwr.o
HAL_PWR_EnterSLEEPMode                            build/stm32f1xx_hal_pwr.o
HAL_PWR_EnterSTANDBYMode                          build/stm32f1xx_hal_pwr.o
HAL_PWR_EnterSTOPMode                             build/stm32f1xx_hal_pwr.o
HAL_PWR_PVDCallback                               build/stm32f1xx_hal_pwr.o
HAL_PWR_PVD_IRQHandler                            build/stm32f1xx_hal_pwr.o
HAL_RCCEx_GetPeriphCLKConfig                      build/stm32f1xx_hal_rcc_ex.o
HAL_RCCEx_GetPeriphCLKFreq                        build/stm32f1xx_hal_rcc_ex.o
HAL_RCCEx_PeriphCLKConfig                         build/stm32f1xx_hal_rcc_ex.o
                                                  build/main.o
HAL_RCC_CSSCallback                               build/stm32f1xx_hal_rcc.o
HAL_RCC_ClockConfig                               build/stm32f1xx_hal_rcc.o
                                                  build/main.o
HAL_RCC_DeInit                                    build/stm32f1xx_hal_rcc.o
HAL_RCC_DisableCSS                                build/stm32f1xx_hal_rcc.o
HAL_RCC_EnableCSS                                 build/stm32f1xx_hal_rcc.o
HAL_RCC_GetClockConfig                            build/stm32f1xx_hal_rcc.o
HAL_RCC_GetHCLKFreq                               build/stm32f1xx_hal_rcc.o
HAL_RCC_GetOscConfig                              build/stm32f1xx_hal_rcc.o
HAL_RCC_GetPCLK1Freq                              build/stm32f1xx_hal_rcc.o
HAL_RCC_GetPCLK2Freq                              build/stm32f1xx_hal_rcc.o
                                                  build/stm32f1xx_hal_rcc_ex.o
HAL_RCC_GetSysClockFreq                           build/stm32f1xx_hal_rcc.o
HAL_RCC_MCOConfig                                 build/stm32f1xx_hal_rcc.o
HAL_RCC_NMI_IRQHandler                            build/stm32f1xx_hal_rcc.o
HAL_RCC_OscConfig                                 build/stm32f1xx_hal_rcc.o
                                                  build/main.o
HAL_ResumeTick                                    build/stm32f1xx_hal.o
HAL_SYSTICK_CLKSourceConfig                       build/stm32f1xx_hal_cortex.o
HAL_SYSTICK_Callback                              build/stm32f1xx_hal_cortex.o
HAL_SYSTICK_Config                                build/stm32f1xx_hal_cortex.o
                                                  build/stm32f1xx_hal.o
HAL_SYSTICK_IRQHandler                            build/stm32f1xx_hal_cortex.o
HAL_SetTickFreq                                   build/stm32f1xx_hal.o
HAL_SuspendTick                                   build/stm32f1xx_hal.o
HardFault_Handler                                 build/stm32f1xx_it.o
I2C1_ER_IRQHandler                                build/startup_stm32f103xb.o
I2C1_EV_IRQHandler                                build/startup_stm32f103xb.o
I2C2_ER_IRQHandler                                build/startup_stm32f103xb.o
I2C2_EV_IRQHandler                                build/startup_stm32f103xb.o
MX_USB_DEVICE_Init                                build/usb_device.o
                                                  build/main.o
MemManage_Handler                                 build/stm32f1xx_it.o
NMI_Handler                                       build/stm32f1xx_it.o
PVD_IRQHandler                                    build/startup_stm32f103xb.o
PendSV_Handler                                    build/stm32f1xx_it.o
RCC_IRQHandler                                    build/startup_stm32f103xb.o
RTC_Alarm_IRQHandler                              build/startup_stm32f103xb.o
RTC_IRQHandler                                    build/startup_stm32f103xb.o
Reset_Handler                                     build/startup_stm32f103xb.o
SPI1_IRQHandler                                   build/startup_stm32f103xb.o
SPI2_IRQHandler                                   build/startup_stm32f103xb.o
SVC_Handler                                       build/stm32f1xx_it.o
SysTick_Handler                                   build/stm32f1xx_it.o
SystemClock_Config                                build/main.o
SystemCoreClock                                   build/system_stm32f1xx.o
                                                  build/stm32f1xx_hal_rcc.o
                                                  build/stm32f1xx_hal.o
SystemCoreClockUpdate                             build/system_stm32f1xx.o
SystemInit                                        build/system_stm32f1xx.o
                                                  build/startup_stm32f103xb.o
TAMPER_IRQHandler                                 build/startup_stm32f103xb.o
TIM1_BRK_IRQHandler                               build/startup_stm32f103xb.o
TIM1_CC_IRQHandler                                build/startup_stm32f103xb.o
TIM1_TRG_COM_IRQHandler                           build/startup_stm32f103xb.o
TIM1_UP_IRQHandler                                build/startup_stm32f103xb.o
TIM2_IRQHandler                                   build/startup_stm32f103xb.o
TIM3_IRQHandler                                   build/startup_stm32f103xb.o
TIM4_IRQHandler                                   build/startup_stm32f103xb.o
USART1_IRQHandler                                 build/startup_stm32f103xb.o
USART2_IRQHandler                                 build/startup_stm32f103xb.o
USART3_IRQHandler                                 build/startup_stm32f103xb.o
USBD_ClrClassConfig                               build/usbd_core.o
                                                  build/usbd_ctlreq.o
USBD_CtlContinueRx                                build/usbd_ioreq.o
                                                  build/usbd_core.o
USBD_CtlContinueSendData                          build/usbd_ioreq.o
                                                  build/usbd_core.o
USBD_CtlError                                     build/usbd_ctlreq.o
                                                  build/usbd_hid.o
USBD_CtlPrepareRx                                 build/usbd_ioreq.o
USBD_CtlReceiveStatus                             build/usbd_ioreq.o
                                                  build/usbd_core.o
USBD_CtlSendData                                  build/usbd_ioreq.o
                                                  build/usbd_hid.o
                                                  build/usbd_ctlreq.o
USBD_CtlSendStatus                                build/usbd_ioreq.o
                                                  build/usbd_ctlreq.o
                                                  build/usbd_core.o
USBD_DeInit                                       build/usbd_core.o
USBD_FS_ConfigStrDescriptor                       build/usbd_desc.o
USBD_FS_DeviceDesc                                build/usbd_desc.o
USBD_FS_DeviceDescriptor                          build/usbd_desc.o
USBD_FS_InterfaceStrDescriptor                    build/usbd_desc.o
USBD_FS_LangIDStrDescriptor                       build/usbd_desc.o
USBD_FS_ManufacturerStrDescriptor                 build/usbd_desc.o
USBD_FS_ProductStrDescriptor                      build/usbd_desc.o
USBD_FS_SerialStrDescriptor                       build/usbd_desc.o
USBD_GetRxCount                                   build/usbd_ioreq.o
USBD_GetString                                    build/usbd_ctlreq.o
                                                  build/usbd_desc.o
USBD_HID                                          build/usbd_hid.o
                                                  build/usb_device.o
USBD_HID_GetPollingInterval                       build/usbd_hid.o
USBD_HID_SendReport                               build/usbd_hid.o
                                                  build/main.o
USBD_Init                                         build/usbd_core.o
                                                  build/usb_device.o
USBD_LL_ClearStallEP                              build/usbd_conf.o
                                                  build/usbd_ctlreq.o
USBD_LL_CloseEP                                   build/usbd_conf.o
                                                  build/usbd_hid.o
USBD_LL_DataInStage                               build/usbd_core.o
                                                  build/usbd_conf.o
USBD_LL_DataOutStage                              build/usbd_core.o
                                                  build/usbd_conf.o
USBD_LL_DeInit                                    build/usbd_conf.o
                                                  build/usbd_core.o
USBD_LL_Delay                                     build/usbd_conf.o
USBD_LL_DevConnected                              build/usbd_core.o
                                                  build/usbd_conf.o
USBD_LL_DevDisconnected                           build/usbd_core.o
                                                  build/usbd_conf.o
USBD_LL_FlushEP                                   build/usbd_conf.o
USBD_LL_GetRxDataSize                             build/usbd_conf.o
                                                  build/usbd_ioreq.o
USBD_LL_Init                                      build/usbd_conf.o
                                                  build/usbd_core.o
USBD_LL_IsStallEP                                 build/usbd_conf.o
                                                  build/usbd_ctlreq.o
USBD_LL_IsoINIncomplete                           build/usbd_core.o
                                                  build/usbd_conf.o
USBD_LL_IsoOUTIncomplete                          build/usbd_core.o
                                                  build/usbd_conf.o
USBD_LL_OpenEP                                    build/usbd_conf.o
                                                  build/usbd_hid.o
                                                  build/usbd_core.o
USBD_LL_PrepareReceive                            build/usbd_conf.o
                                                  build/usbd_ioreq.o
                                                  build/usbd_core.o
USBD_LL_Reset                                     build/usbd_core.o
                                                  build/usbd_conf.o
USBD_LL_Resume                                    build/usbd_core.o
                                                  build/usbd_conf.o
USBD_LL_SOF                                       build/usbd_core.o
                                                  build/usbd_conf.o
USBD_LL_SetSpeed                                  build/usbd_core.o
                                                  build/usbd_conf.o
USBD_LL_SetUSBAddress                             build/usbd_conf.o
                                                  build/usbd_ctlreq.o
USBD_LL_SetupStage                                build/usbd_core.o
                                                  build/usbd_conf.o
USBD_LL_StallEP                                   build/usbd_conf.o
                                                  build/usbd_ctlreq.o
                                                  build/usbd_core.o
USBD_LL_Start                                     build/usbd_conf.o
                                                  build/usbd_core.o
USBD_LL_Stop                                      build/usbd_conf.o
                                                  build/usbd_core.o
USBD_LL_Suspend                                   build/usbd_core.o
                                                  build/usbd_conf.o
USBD_LL_Transmit                                  build/usbd_conf.o
                                                  build/usbd_hid.o
                                                  build/usbd_ioreq.o
USBD_LangIDDesc                                   build/usbd_desc.o
USBD_ParseSetupRequest                            build/usbd_ctlreq.o
                                                  build/usbd_core.o
USBD_RegisterClass                                build/usbd_core.o
                                                  build/usb_device.o
USBD_RunTestMode                                  build/usbd_core.o
USBD_SetClassConfig                               build/usbd_core.o
                                                  build/usbd_ctlreq.o
USBD_Start                                        build/usbd_core.o
                                                  build/usb_device.o
USBD_StdDevReq                                    build/usbd_ctlreq.o
                                                  build/usbd_core.o
USBD_StdEPReq                                     build/usbd_ctlreq.o
                                                  build/usbd_core.o
USBD_StdItfReq                                    build/usbd_ctlreq.o
                                                  build/usbd_core.o
USBD_Stop                                         build/usbd_core.o
USBD_StrDesc                                      build/usbd_desc.o
USBD_static_free                                  build/usbd_conf.o
                                                  build/usbd_hid.o
USBD_static_malloc                                build/usbd_conf.o
                                                  build/usbd_hid.o
USBWakeUp_IRQHandler                              build/startup_stm32f103xb.o
USB_ActivateEndpoint                              build/stm32f1xx_ll_usb.o
                                                  build/stm32f1xx_hal_pcd.o
USB_ActivateRemoteWakeup                          build/stm32f1xx_ll_usb.o
                                                  build/stm32f1xx_hal_pcd.o
USB_ClearInterrupts                               build/stm32f1xx_ll_usb.o
USB_CoreInit                                      build/stm32f1xx_ll_usb.o
                                                  build/stm32f1xx_hal_pcd.o
USB_DeActivateRemoteWakeup                        build/stm32f1xx_ll_usb.o
                                                  build/stm32f1xx_hal_pcd.o
USB_DeactivateEndpoint                            build/stm32f1xx_ll_usb.o
                                                  build/stm32f1xx_hal_pcd.o
USB_DevConnect                                    build/stm32f1xx_ll_usb.o
                                                  build/stm32f1xx_hal_pcd.o
USB_DevDisconnect                                 build/stm32f1xx_ll_usb.o
                                                  build/stm32f1xx_hal_pcd.o
USB_DevInit                                       build/stm32f1xx_ll_usb.o
                                                  build/stm32f1xx_hal_pcd.o
USB_DisableGlobalInt                              build/stm32f1xx_ll_usb.o
                                                  build/stm32f1xx_hal_pcd.o
USB_EP0_OutStart                                  build/stm32f1xx_ll_usb.o
                                                  build/stm32f1xx_hal_pcd.o
USB_EPClearStall                                  build/stm32f1xx_ll_usb.o
                                                  build/stm32f1xx_hal_pcd.o
USB_EPSetStall                                    build/stm32f1xx_ll_usb.o
                                                  build/stm32f1xx_hal_pcd.o
USB_EPStartXfer                                   build/stm32f1xx_ll_usb.o
                                                  build/stm32f1xx_hal_pcd.o
USB_EnableGlobalInt                               build/stm32f1xx_ll_usb.o
                                                  build/stm32f1xx_hal_pcd.o
USB_FlushRxFifo                                   build/stm32f1xx_ll_usb.o
                                                  build/stm32f1xx_hal_pcd.o
USB_FlushTxFifo                                   build/stm32f1xx_ll_usb.o
                                                  build/stm32f1xx_hal_pcd.o
USB_HP_CAN1_TX_IRQHandler                         build/startup_stm32f103xb.o
USB_LP_CAN1_RX0_IRQHandler                        build/stm32f1xx_it.o
USB_ReadDevAllInEpInterrupt                       build/stm32f1xx_ll_usb.o
USB_ReadDevAllOutEpInterrupt                      build/stm32f1xx_ll_usb.o
USB_ReadDevInEPInterrupt                          build/stm32f1xx_ll_usb.o
USB_ReadDevOutEPInterrupt                         build/stm32f1xx_ll_usb.o
USB_ReadInterrupts                                build/stm32f1xx_ll_usb.o
                                                  build/stm32f1xx_hal_pcd.o
USB_ReadPMA                                       build/stm32f1xx_ll_usb.o
                                                  build/stm32f1xx_hal_pcd.o
USB_ReadPacket                                    build/stm32f1xx_ll_usb.o
USB_SetCurrentMode                                build/stm32f1xx_ll_usb.o
                                                  build/stm32f1xx_hal_pcd.o
USB_SetDevAddress                                 build/stm32f1xx_ll_usb.o
                                                  build/stm32f1xx_hal_pcd.o
USB_StopDevice                                    build/stm32f1xx_ll_usb.o
                                                  build/stm32f1xx_hal_pcd.o
USB_WritePMA                                      build/stm32f1xx_ll_usb.o
                                                  build/stm32f1xx_hal_pcd.o
USB_WritePacket                                   build/stm32f1xx_ll_usb.o
UsageFault_Handler                                build/stm32f1xx_it.o
WWDG_IRQHandler                                   build/startup_stm32f103xb.o
_ITM_deregisterTMCloneTable                       d:/vsarm/armcc/bin/../lib/gcc/arm-none-eabi/8.2.1/thumb/v7-m/nofp/crtbegin.o
_ITM_registerTMCloneTable                         d:/vsarm/armcc/bin/../lib/gcc/arm-none-eabi/8.2.1/thumb/v7-m/nofp/crtbegin.o
__TMC_END__                                       d:/vsarm/armcc/bin/../lib/gcc/arm-none-eabi/8.2.1/thumb/v7-m/nofp/crtend.o
                                                  d:/vsarm/armcc/bin/../lib/gcc/arm-none-eabi/8.2.1/thumb/v7-m/nofp/crtbegin.o
__bss_end__                                       d:/vsarm/armcc/bin/../lib/gcc/arm-none-eabi/8.2.1/../../../../arm-none-eabi/lib/thumb/v7-m/nofp/crt0.o
__bss_start__                                     d:/vsarm/armcc/bin/../lib/gcc/arm-none-eabi/8.2.1/../../../../arm-none-eabi/lib/thumb/v7-m/nofp/crt0.o
__call_exitprocs                                  d:/vsarm/armcc/bin/../lib/gcc/arm-none-eabi/8.2.1/../../../../arm-none-eabi/lib/thumb/v7-m/nofp\libc_nano.a(lib_a-exit.o)
__deregister_frame_info                           d:/vsarm/armcc/bin/../lib/gcc/arm-none-eabi/8.2.1/thumb/v7-m/nofp/crtbegin.o
__dso_handle                                      d:/vsarm/armcc/bin/../lib/gcc/arm-none-eabi/8.2.1/thumb/v7-m/nofp/crtbegin.o
__init_array_end                                  d:/vsarm/armcc/bin/../lib/gcc/arm-none-eabi/8.2.1/../../../../arm-none-eabi/lib/thumb/v7-m/nofp\libc_nano.a(lib_a-init.o)
__init_array_start                                d:/vsarm/armcc/bin/../lib/gcc/arm-none-eabi/8.2.1/../../../../arm-none-eabi/lib/thumb/v7-m/nofp\libc_nano.a(lib_a-init.o)
__libc_fini_array                                 d:/vsarm/armcc/bin/../lib/gcc/arm-none-eabi/8.2.1/../../../../arm-none-eabi/lib/thumb/v7-m/nofp/crt0.o
__libc_init_array                                 d:/vsarm/armcc/bin/../lib/gcc/arm-none-eabi/8.2.1/../../../../arm-none-eabi/lib/thumb/v7-m/nofp\libc_nano.a(lib_a-init.o)
                                                  build/startup_stm32f103xb.o
                                                  d:/vsarm/armcc/bin/../lib/gcc/arm-none-eabi/8.2.1/../../../../arm-none-eabi/lib/thumb/v7-m/nofp/crt0.o
__preinit_array_end                               d:/vsarm/armcc/bin/../lib/gcc/arm-none-eabi/8.2.1/../../../../arm-none-eabi/lib/thumb/v7-m/nofp\libc_nano.a(lib_a-init.o)
__preinit_array_start                             d:/vsarm/armcc/bin/../lib/gcc/arm-none-eabi/8.2.1/../../../../arm-none-eabi/lib/thumb/v7-m/nofp\libc_nano.a(lib_a-init.o)
__register_frame_info                             d:/vsarm/armcc/bin/../lib/gcc/arm-none-eabi/8.2.1/thumb/v7-m/nofp/crtbegin.o
__sf_fake_stderr                                  d:/vsarm/armcc/bin/../lib/gcc/arm-none-eabi/8.2.1/../../../../arm-none-eabi/lib/thumb/v7-m/nofp\libc_nano.a(lib_a-impure.o)
__sf_fake_stdin                                   d:/vsarm/armcc/bin/../lib/gcc/arm-none-eabi/8.2.1/../../../../arm-none-eabi/lib/thumb/v7-m/nofp\libc_nano.a(lib_a-impure.o)
__sf_fake_stdout                                  d:/vsarm/armcc/bin/../lib/gcc/arm-none-eabi/8.2.1/../../../../arm-none-eabi/lib/thumb/v7-m/nofp\libc_nano.a(lib_a-impure.o)
__stack                                           d:/vsarm/armcc/bin/../lib/gcc/arm-none-eabi/8.2.1/../../../../arm-none-eabi/lib/thumb/v7-m/nofp/crt0.o
_ebss                                             build/startup_stm32f103xb.o
_edata                                            build/startup_stm32f103xb.o
_estack                                           build/startup_stm32f103xb.o
_exit                                             d:/vsarm/armcc/bin/../lib/gcc/arm-none-eabi/8.2.1/../../../../arm-none-eabi/lib/thumb/v7-m/nofp\libnosys.a(_exit.o)
                                                  d:/vsarm/armcc/bin/../lib/gcc/arm-none-eabi/8.2.1/../../../../arm-none-eabi/lib/thumb/v7-m/nofp\libc_nano.a(lib_a-exit.o)
_fini                                             d:/vsarm/armcc/bin/../lib/gcc/arm-none-eabi/8.2.1/thumb/v7-m/nofp/crti.o
_global_impure_ptr                                d:/vsarm/armcc/bin/../lib/gcc/arm-none-eabi/8.2.1/../../../../arm-none-eabi/lib/thumb/v7-m/nofp\libc_nano.a(lib_a-impure.o)
                                                  d:/vsarm/armcc/bin/../lib/gcc/arm-none-eabi/8.2.1/../../../../arm-none-eabi/lib/thumb/v7-m/nofp\libc_nano.a(lib_a-exit.o)
_impure_ptr                                       d:/vsarm/armcc/bin/../lib/gcc/arm-none-eabi/8.2.1/../../../../arm-none-eabi/lib/thumb/v7-m/nofp\libc_nano.a(lib_a-impure.o)
_init                                             d:/vsarm/armcc/bin/../lib/gcc/arm-none-eabi/8.2.1/thumb/v7-m/nofp/crti.o
                                                  d:/vsarm/armcc/bin/../lib/gcc/arm-none-eabi/8.2.1/../../../../arm-none-eabi/lib/thumb/v7-m/nofp\libc_nano.a(lib_a-init.o)
_mainCRTStartup                                   d:/vsarm/armcc/bin/../lib/gcc/arm-none-eabi/8.2.1/../../../../arm-none-eabi/lib/thumb/v7-m/nofp/crt0.o
_sbss                                             build/startup_stm32f103xb.o
_sdata                                            build/startup_stm32f103xb.o
_sidata                                           build/startup_stm32f103xb.o
_start                                            d:/vsarm/armcc/bin/../lib/gcc/arm-none-eabi/8.2.1/../../../../arm-none-eabi/lib/thumb/v7-m/nofp/crt0.o
atexit                                            d:/vsarm/armcc/bin/../lib/gcc/arm-none-eabi/8.2.1/../../../../arm-none-eabi/lib/thumb/v7-m/nofp/crt0.o
exit                                              d:/vsarm/armcc/bin/../lib/gcc/arm-none-eabi/8.2.1/../../../../arm-none-eabi/lib/thumb/v7-m/nofp\libc_nano.a(lib_a-exit.o)
                                                  d:/vsarm/armcc/bin/../lib/gcc/arm-none-eabi/8.2.1/../../../../arm-none-eabi/lib/thumb/v7-m/nofp/crt0.o
g_pfnVectors                                      build/startup_stm32f103xb.o
hUsbDeviceFS                                      build/usb_device.o
                                                  build/main.o
hardware_init_hook                                d:/vsarm/armcc/bin/../lib/gcc/arm-none-eabi/8.2.1/../../../../arm-none-eabi/lib/thumb/v7-m/nofp/crt0.o
hpcd_USB_FS                                       build/usbd_conf.o
                                                  build/stm32f1xx_it.o
main                                              build/main.o
                                                  build/startup_stm32f103xb.o
                                                  d:/vsarm/armcc/bin/../lib/gcc/arm-none-eabi/8.2.1/../../../../arm-none-eabi/lib/thumb/v7-m/nofp/crt0.o
memset                                            d:/vsarm/armcc/bin/../lib/gcc/arm-none-eabi/8.2.1/../../../../arm-none-eabi/lib/thumb/v7-m/nofp\libc_nano.a(lib_a-memset.o)
                                                  d:/vsarm/armcc/bin/../lib/gcc/arm-none-eabi/8.2.1/../../../../arm-none-eabi/lib/thumb/v7-m/nofp/crt0.o
pFlash                                            build/stm32f1xx_hal_flash.o
                                                  build/stm32f1xx_hal_flash_ex.o
software_init_hook                                d:/vsarm/armcc/bin/../lib/gcc/arm-none-eabi/8.2.1/../../../../arm-none-eabi/lib/thumb/v7-m/nofp/crt0.o
uwTick                                            build/stm32f1xx_hal.o
uwTickFreq                                        build/stm32f1xx_hal.o
uwTickPrio                                        build/stm32f1xx_hal.o
